Archive member included to satisfy reference by file (symbol)

c:/st/stm32cubeide_1.3.0/stm32cubeide/plugins/com.st.stm32cube.ide.mcu.externaltools.gnu-tools-for-stm32.7-2018-q2-update.win32_1.0.0.201904181610/tools/bin/../lib/gcc/arm-none-eabi/7.3.1/../../../../arm-none-eabi/lib/thumb/v7e-m/fpv4-sp/hard\libc_nano.a(lib_a-errno.o)
                              Core/Src/syscalls.o (__errno)
c:/st/stm32cubeide_1.3.0/stm32cubeide/plugins/com.st.stm32cube.ide.mcu.externaltools.gnu-tools-for-stm32.7-2018-q2-update.win32_1.0.0.201904181610/tools/bin/../lib/gcc/arm-none-eabi/7.3.1/../../../../arm-none-eabi/lib/thumb/v7e-m/fpv4-sp/hard\libc_nano.a(lib_a-exit.o)
                              c:/st/stm32cubeide_1.3.0/stm32cubeide/plugins/com.st.stm32cube.ide.mcu.externaltools.gnu-tools-for-stm32.7-2018-q2-update.win32_1.0.0.201904181610/tools/bin/../lib/gcc/arm-none-eabi/7.3.1/../../../../arm-none-eabi/lib/thumb/v7e-m/fpv4-sp/hard/crt0.o (exit)
c:/st/stm32cubeide_1.3.0/stm32cubeide/plugins/com.st.stm32cube.ide.mcu.externaltools.gnu-tools-for-stm32.7-2018-q2-update.win32_1.0.0.201904181610/tools/bin/../lib/gcc/arm-none-eabi/7.3.1/../../../../arm-none-eabi/lib/thumb/v7e-m/fpv4-sp/hard\libc_nano.a(lib_a-impure.o)
                              c:/st/stm32cubeide_1.3.0/stm32cubeide/plugins/com.st.stm32cube.ide.mcu.externaltools.gnu-tools-for-stm32.7-2018-q2-update.win32_1.0.0.201904181610/tools/bin/../lib/gcc/arm-none-eabi/7.3.1/../../../../arm-none-eabi/lib/thumb/v7e-m/fpv4-sp/hard\libc_nano.a(lib_a-exit.o) (_global_impure_ptr)
c:/st/stm32cubeide_1.3.0/stm32cubeide/plugins/com.st.stm32cube.ide.mcu.externaltools.gnu-tools-for-stm32.7-2018-q2-update.win32_1.0.0.201904181610/tools/bin/../lib/gcc/arm-none-eabi/7.3.1/../../../../arm-none-eabi/lib/thumb/v7e-m/fpv4-sp/hard\libc_nano.a(lib_a-init.o)
                              c:/st/stm32cubeide_1.3.0/stm32cubeide/plugins/com.st.stm32cube.ide.mcu.externaltools.gnu-tools-for-stm32.7-2018-q2-update.win32_1.0.0.201904181610/tools/bin/../lib/gcc/arm-none-eabi/7.3.1/../../../../arm-none-eabi/lib/thumb/v7e-m/fpv4-sp/hard/crt0.o (__libc_init_array)
c:/st/stm32cubeide_1.3.0/stm32cubeide/plugins/com.st.stm32cube.ide.mcu.externaltools.gnu-tools-for-stm32.7-2018-q2-update.win32_1.0.0.201904181610/tools/bin/../lib/gcc/arm-none-eabi/7.3.1/../../../../arm-none-eabi/lib/thumb/v7e-m/fpv4-sp/hard\libc_nano.a(lib_a-memset.o)
                              c:/st/stm32cubeide_1.3.0/stm32cubeide/plugins/com.st.stm32cube.ide.mcu.externaltools.gnu-tools-for-stm32.7-2018-q2-update.win32_1.0.0.201904181610/tools/bin/../lib/gcc/arm-none-eabi/7.3.1/../../../../arm-none-eabi/lib/thumb/v7e-m/fpv4-sp/hard/crt0.o (memset)
c:/st/stm32cubeide_1.3.0/stm32cubeide/plugins/com.st.stm32cube.ide.mcu.externaltools.gnu-tools-for-stm32.7-2018-q2-update.win32_1.0.0.201904181610/tools/bin/../lib/gcc/arm-none-eabi/7.3.1/../../../../arm-none-eabi/lib/thumb/v7e-m/fpv4-sp/hard\libc_nano.a(lib_a-strcmp.o)
                              Core/Src/components/loop.o (strcmp)
c:/st/stm32cubeide_1.3.0/stm32cubeide/plugins/com.st.stm32cube.ide.mcu.externaltools.gnu-tools-for-stm32.7-2018-q2-update.win32_1.0.0.201904181610/tools/bin/../lib/gcc/arm-none-eabi/7.3.1/../../../../arm-none-eabi/lib/thumb/v7e-m/fpv4-sp/hard\libm.a(lib_a-s_round.o)
                              Core/Src/components/dac.o (round)
c:/st/stm32cubeide_1.3.0/stm32cubeide/plugins/com.st.stm32cube.ide.mcu.externaltools.gnu-tools-for-stm32.7-2018-q2-update.win32_1.0.0.201904181610/tools/bin/../lib/gcc/arm-none-eabi/7.3.1/thumb/v7e-m/fpv4-sp/hard\libgcc.a(_arm_addsubdf3.o)
                              Core/Src/components/adc.o (__aeabi_dsub)
c:/st/stm32cubeide_1.3.0/stm32cubeide/plugins/com.st.stm32cube.ide.mcu.externaltools.gnu-tools-for-stm32.7-2018-q2-update.win32_1.0.0.201904181610/tools/bin/../lib/gcc/arm-none-eabi/7.3.1/thumb/v7e-m/fpv4-sp/hard\libgcc.a(_arm_muldivdf3.o)
                              Core/Src/components/adc.o (__aeabi_dmul)
c:/st/stm32cubeide_1.3.0/stm32cubeide/plugins/com.st.stm32cube.ide.mcu.externaltools.gnu-tools-for-stm32.7-2018-q2-update.win32_1.0.0.201904181610/tools/bin/../lib/gcc/arm-none-eabi/7.3.1/thumb/v7e-m/fpv4-sp/hard\libgcc.a(_arm_cmpdf2.o)
                              Core/Src/components/cyclic_voltammetry.o (__aeabi_dcmpeq)
c:/st/stm32cubeide_1.3.0/stm32cubeide/plugins/com.st.stm32cube.ide.mcu.externaltools.gnu-tools-for-stm32.7-2018-q2-update.win32_1.0.0.201904181610/tools/bin/../lib/gcc/arm-none-eabi/7.3.1/thumb/v7e-m/fpv4-sp/hard\libgcc.a(_arm_fixunsdfsi.o)
                              Core/Src/components/adc.o (__aeabi_d2uiz)
c:/st/stm32cubeide_1.3.0/stm32cubeide/plugins/com.st.stm32cube.ide.mcu.externaltools.gnu-tools-for-stm32.7-2018-q2-update.win32_1.0.0.201904181610/tools/bin/../lib/gcc/arm-none-eabi/7.3.1/thumb/v7e-m/fpv4-sp/hard\libgcc.a(_aeabi_uldivmod.o)
                              Drivers/STM32F4xx_HAL_Driver/Src/stm32f4xx_hal_rcc.o (__aeabi_uldivmod)
[...]
Memory Configuration

Name             Origin             Length             Attributes
RAM              0x0000000020000000 0x0000000000018000 xrw
FLASH            0x0000000008000000 0x0000000000080000 xr
*default*        0x0000000000000000 0xffffffffffffffff

Linker script and memory map

LOAD c:/st/stm32cubeide_1.3.0/stm32cubeide/plugins/com.st.stm32cube.ide.mcu.externaltools.gnu-tools-for-stm32.7-2018-q2-update.win32_1.0.0.201904181610/tools/bin/../lib/gcc/arm-none-eabi/7.3.1/thumb/v7e-m/fpv4-sp/hard/crti.o
LOAD c:/st/stm32cubeide_1.3.0/stm32cubeide/plugins/com.st.stm32cube.ide.mcu.externaltools.gnu-tools-for-stm32.7-2018-q2-update.win32_1.0.0.201904181610/tools/bin/../lib/gcc/arm-none-eabi/7.3.1/thumb/v7e-m/fpv4-sp/hard/crtbegin.o
LOAD c:/st/stm32cubeide_1.3.0/stm32cubeide/plugins/com.st.stm32cube.ide.mcu.externaltools.gnu-tools-for-stm32.7-2018-q2-update.win32_1.0.0.201904181610/tools/bin/../lib/gcc/arm-none-eabi/7.3.1/../../../../arm-none-eabi/lib/thumb/v7e-m/fpv4-sp/hard/crt0.o
LOAD Core/Src/components/adc.o
LOAD Core/Src/components/chronoamperometry.o
LOAD Core/Src/components/cobs.o
LOAD Core/Src/components/cyclic_voltammetry.o
LOAD Core/Src/components/dac.o
LOAD Core/Src/components/loop.o
LOAD Core/Src/components/masb_comm_s.o
LOAD Core/Src/main.o
LOAD Core/Src/stm32f4xx_hal_msp.o
LOAD Core/Src/stm32f4xx_it.o
LOAD Core/Src/syscalls.o
LOAD Core/Src/sysmem.o
LOAD Core/Src/system_stm32f4xx.o
LOAD Core/Startup/startup_stm32f401retx.o
LOAD Drivers/STM32F4xx_HAL_Driver/Src/stm32f4xx_hal.o
LOAD Drivers/STM32F4xx_HAL_Driver/Src/stm32f4xx_hal_adc.o
LOAD Drivers/STM32F4xx_HAL_Driver/Src/stm32f4xx_hal_adc_ex.o
LOAD Drivers/STM32F4xx_HAL_Driver/Src/stm32f4xx_hal_cortex.o
LOAD Drivers/STM32F4xx_HAL_Driver/Src/stm32f4xx_hal_dma.o
LOAD Drivers/STM32F4xx_HAL_Driver/Src/stm32f4xx_hal_dma_ex.o
LOAD Drivers/STM32F4xx_HAL_Driver/Src/stm32f4xx_hal_exti.o
LOAD Drivers/STM32F4xx_HAL_Driver/Src/stm32f4xx_hal_flash.o
LOAD Drivers/STM32F4xx_HAL_Driver/Src/stm32f4xx_hal_flash_ex.o
LOAD Drivers/STM32F4xx_HAL_Driver/Src/stm32f4xx_hal_flash_ramfunc.o
LOAD Drivers/STM32F4xx_HAL_Driver/Src/stm32f4xx_hal_gpio.o
LOAD Drivers/STM32F4xx_HAL_Driver/Src/stm32f4xx_hal_i2c.o
LOAD Drivers/STM32F4xx_HAL_Driver/Src/stm32f4xx_hal_i2c_ex.o
LOAD Drivers/STM32F4xx_HAL_Driver/Src/stm32f4xx_hal_pwr.o
LOAD Drivers/STM32F4xx_HAL_Driver/Src/stm32f4xx_hal_pwr_ex.o
LOAD Drivers/STM32F4xx_HAL_Driver/Src/stm32f4xx_hal_rcc.o
LOAD Drivers/STM32F4xx_HAL_Driver/Src/stm32f4xx_hal_rcc_ex.o
LOAD Drivers/STM32F4xx_HAL_Driver/Src/stm32f4xx_hal_tim.o
LOAD Drivers/STM32F4xx_HAL_Driver/Src/stm32f4xx_hal_tim_ex.o
LOAD Drivers/STM32F4xx_HAL_Driver/Src/stm32f4xx_hal_uart.o
START GROUP
LOAD c:/st/stm32cubeide_1.3.0/stm32cubeide/plugins/com.st.stm32cube.ide.mcu.externaltools.gnu-tools-for-stm32.7-2018-q2-update.win32_1.0.0.201904181610/tools/bin/../lib/gcc/arm-none-eabi/7.3.1/../../../../arm-none-eabi/lib/thumb/v7e-m/fpv4-sp/hard\libc_nano.a
LOAD c:/st/stm32cubeide_1.3.0/stm32cubeide/plugins/com.st.stm32cube.ide.mcu.externaltools.gnu-tools-for-stm32.7-2018-q2-update.win32_1.0.0.201904181610/tools/bin/../lib/gcc/arm-none-eabi/7.3.1/../../../../arm-none-eabi/lib/thumb/v7e-m/fpv4-sp/hard\libm.a
END GROUP
START GROUP
LOAD c:/st/stm32cubeide_1.3.0/stm32cubeide/plugins/com.st.stm32cube.ide.mcu.externaltools.gnu-tools-for-stm32.7-2018-q2-update.win32_1.0.0.201904181610/tools/bin/../lib/gcc/arm-none-eabi/7.3.1/thumb/v7e-m/fpv4-sp/hard\libgcc.a
LOAD c:/st/stm32cubeide_1.3.0/stm32cubeide/plugins/com.st.stm32cube.ide.mcu.externaltools.gnu-tools-for-stm32.7-2018-q2-update.win32_1.0.0.201904181610/tools/bin/../lib/gcc/arm-none-eabi/7.3.1/../../../../arm-none-eabi/lib/thumb/v7e-m/fpv4-sp/hard\libc_nano.a
END GROUP
START GROUP
LOAD c:/st/stm32cubeide_1.3.0/stm32cubeide/plugins/com.st.stm32cube.ide.mcu.externaltools.gnu-tools-for-stm32.7-2018-q2-update.win32_1.0.0.201904181610/tools/bin/../lib/gcc/arm-none-eabi/7.3.1/thumb/v7e-m/fpv4-sp/hard\libgcc.a
LOAD c:/st/stm32cubeide_1.3.0/stm32cubeide/plugins/com.st.stm32cube.ide.mcu.externaltools.gnu-tools-for-stm32.7-2018-q2-update.win32_1.0.0.201904181610/tools/bin/../lib/gcc/arm-none-eabi/7.3.1/../../../../arm-none-eabi/lib/thumb/v7e-m/fpv4-sp/hard\libc_nano.a
LOAD c:/st/stm32cubeide_1.3.0/stm32cubeide/plugins/com.st.stm32cube.ide.mcu.externaltools.gnu-tools-for-stm32.7-2018-q2-update.win32_1.0.0.201904181610/tools/bin/../lib/gcc/arm-none-eabi/7.3.1/../../../../arm-none-eabi/lib/thumb/v7e-m/fpv4-sp/hard\libnosys.a
END GROUP
START GROUP
LOAD c:/st/stm32cubeide_1.3.0/stm32cubeide/plugins/com.st.stm32cube.ide.mcu.externaltools.gnu-tools-for-stm32.7-2018-q2-update.win32_1.0.0.201904181610/tools/bin/../lib/gcc/arm-none-eabi/7.3.1/thumb/v7e-m/fpv4-sp/hard\libgcc.a
LOAD c:/st/stm32cubeide_1.3.0/stm32cubeide/plugins/com.st.stm32cube.ide.mcu.externaltools.gnu-tools-for-stm32.7-2018-q2-update.win32_1.0.0.201904181610/tools/bin/../lib/gcc/arm-none-eabi/7.3.1/../../../../arm-none-eabi/lib/thumb/v7e-m/fpv4-sp/hard\libc_nano.a
LOAD c:/st/stm32cubeide_1.3.0/stm32cubeide/plugins/com.st.stm32cube.ide.mcu.externaltools.gnu-tools-for-stm32.7-2018-q2-update.win32_1.0.0.201904181610/tools/bin/../lib/gcc/arm-none-eabi/7.3.1/../../../../arm-none-eabi/lib/thumb/v7e-m/fpv4-sp/hard\libnosys.a
END GROUP
LOAD c:/st/stm32cubeide_1.3.0/stm32cubeide/plugins/com.st.stm32cube.ide.mcu.externaltools.gnu-tools-for-stm32.7-2018-q2-update.win32_1.0.0.201904181610/tools/bin/../lib/gcc/arm-none-eabi/7.3.1/thumb/v7e-m/fpv4-sp/hard/crtend.o
LOAD c:/st/stm32cubeide_1.3.0/stm32cubeide/plugins/com.st.stm32cube.ide.mcu.externaltools.gnu-tools-for-stm32.7-2018-q2-update.win32_1.0.0.201904181610/tools/bin/../lib/gcc/arm-none-eabi/7.3.1/thumb/v7e-m/fpv4-sp/hard/crtn.o
                0x0000000020018000                _estack = (ORIGIN (RAM) + LENGTH (RAM))
                0x0000000000000200                _Min_Heap_Size = 0x200
                0x0000000000000400                _Min_Stack_Size = 0x400

.isr_vector     0x0000000008000000      0x194
                0x0000000008000000                . = ALIGN (0x4)
 *(.isr_vector)
 .isr_vector    0x0000000008000000      0x194 Core/Startup/startup_stm32f401retx.o
                0x0000000008000000                g_pfnVectors
                0x0000000008000194                . = ALIGN (0x4)

.text           0x0000000008000198     0x489c
                0x0000000008000198                . = ALIGN (0x4)
 *(.text)
 .text          0x0000000008000198       0x40 c:/st/stm32cubeide_1.3.0/stm32cubeide/plugins/com.st.stm32cube.ide.mcu.externaltools.gnu-tools-for-stm32.7-2018-q2-update.win32_1.0.0.201904181610/tools/bin/../lib/gcc/arm-none-eabi/7.3.1/thumb/v7e-m/fpv4-sp/hard/crtbegin.o
 .text          0x00000000080001d8       0x14 c:/st/stm32cubeide_1.3.0/stm32cubeide/plugins/com.st.stm32cube.ide.mcu.externaltools.gnu-tools-for-stm32.7-2018-q2-update.win32_1.0.0.201904181610/tools/bin/../lib/gcc/arm-none-eabi/7.3.1/../../../../arm-none-eabi/lib/thumb/v7e-m/fpv4-sp/hard\libc_nano.a(lib_a-strcmp.o)
                0x00000000080001d8                strcmp
 .text          0x00000000080001ec      0x378 c:/st/stm32cubeide_1.3.0/stm32cubeide/plugins/com.st.stm32cube.ide.mcu.externaltools.gnu-tools-for-stm32.7-2018-q2-update.win32_1.0.0.201904181610/tools/bin/../lib/gcc/arm-none-eabi/7.3.1/thumb/v7e-m/fpv4-sp/hard\libgcc.a(_arm_addsubdf3.o)
                0x00000000080001ec                __aeabi_drsub
                0x00000000080001f4                __aeabi_dsub
                0x00000000080001f4                __subdf3
                0x00000000080001f8                __aeabi_dadd
                0x00000000080001f8                __adddf3
                0x0000000008000470                __floatunsidf
                0x0000000008000470                __aeabi_ui2d
                0x0000000008000490                __floatsidf
                0x0000000008000490                __aeabi_i2d
                0x00000000080004b4                __aeabi_f2d
                0x00000000080004b4                __extendsfdf2
                0x00000000080004f8                __floatundidf
                0x00000000080004f8                __aeabi_ul2d
                0x0000000008000508                __floatdidf
                0x0000000008000508                __aeabi_l2d
 .text          0x0000000008000564      0x424 c:/st/stm32cubeide_1.3.0/stm32cubeide/plugins/com.st.stm32cube.ide.mcu.externaltools.gnu-tools-for-stm32.7-2018-q2-update.win32_1.0.0.201904181610/tools/bin/../lib/gcc/arm-none-eabi/7.3.1/thumb/v7e-m/fpv4-sp/hard\libgcc.a(_arm_muldivdf3.o)
                0x0000000008000564                __aeabi_dmul
                0x0000000008000564                __muldf3
                0x00000000080007b8                __divdf3
                0x00000000080007b8                __aeabi_ddiv
 .text          0x0000000008000988      0x110 c:/st/stm32cubeide_1.3.0/stm32cubeide/plugins/com.st.stm32cube.ide.mcu.externaltools.gnu-tools-for-stm32.7-2018-q2-update.win32_1.0.0.201904181610/tools/bin/../lib/gcc/arm-none-eabi/7.3.1/thumb/v7e-m/fpv4-sp/hard\libgcc.a(_arm_cmpdf2.o)
                0x0000000008000988                __gtdf2
                0x0000000008000988                __gedf2
                0x0000000008000990                __ltdf2
                0x0000000008000990                __ledf2
                0x0000000008000998                __nedf2
                0x0000000008000998                __eqdf2
                0x0000000008000998                __cmpdf2
                0x0000000008000a14                __aeabi_cdrcmple
                0x0000000008000a24                __aeabi_cdcmpeq
                0x0000000008000a24                __aeabi_cdcmple
                0x0000000008000a34                __aeabi_dcmpeq
                0x0000000008000a48                __aeabi_dcmplt
                0x0000000008000a5c                __aeabi_dcmple
                0x0000000008000a70                __aeabi_dcmpge
                0x0000000008000a84                __aeabi_dcmpgt
 .text          0x0000000008000a98       0x40 c:/st/stm32cubeide_1.3.0/stm32cubeide/plugins/com.st.stm32cube.ide.mcu.externaltools.gnu-tools-for-stm32.7-2018-q2-update.win32_1.0.0.201904181610/tools/bin/../lib/gcc/arm-none-eabi/7.3.1/thumb/v7e-m/fpv4-sp/hard\libgcc.a(_arm_fixunsdfsi.o)
                0x0000000008000a98                __aeabi_d2uiz
                0x0000000008000a98                __fixunsdfsi
 .text          0x0000000008000ad8       0x30 c:/st/stm32cubeide_1.3.0/stm32cubeide/plugins/com.st.stm32cube.ide.mcu.externaltools.gnu-tools-for-stm32.7-2018-q2-update.win32_1.0.0.201904181610/tools/bin/../lib/gcc/arm-none-eabi/7.3.1/thumb/v7e-m/fpv4-sp/hard\libgcc.a(_aeabi_uldivmod.o)
                0x0000000008000ad8                __aeabi_uldivmod
 .text          0x0000000008000b08      0x2cc c:/st/stm32cubeide_1.3.0/stm32cubeide/plugins/com.st.stm32cube.ide.mcu.externaltools.gnu-tools-for-stm32.7-2018-q2-update.win32_1.0.0.201904181610/tools/bin/../lib/gcc/arm-none-eabi/7.3.1/thumb/v7e-m/fpv4-sp/hard\libgcc.a(_udivmoddi4.o)
                0x0000000008000b08                __udivmoddi4
 .text          0x0000000008000dd4        0x4 c:/st/stm32cubeide_1.3.0/stm32cubeide/plugins/com.st.stm32cube.ide.mcu.externaltools.gnu-tools-for-stm32.7-2018-q2-update.win32_1.0.0.201904181610/tools/bin/../lib/gcc/arm-none-eabi/7.3.1/thumb/v7e-m/fpv4-sp/hard\libgcc.a(_dvmd_tls.o)
                0x0000000008000dd4                __aeabi_idiv0
                0x0000000008000dd4                __aeabi_ldiv0
 *(.text*)
 .text.ADC_function
                0x0000000008000dd8      0x108 Core/Src/components/adc.o
                0x0000000008000dd8                ADC_function
 .text.ChronoamperometryManagement
                0x0000000008000ee0       0xb8 Core/Src/components/chronoamperometry.o
                0x0000000008000ee0                ChronoamperometryManagement
 .text.COBS_encode
                0x0000000008000f98       0xae Core/Src/components/cobs.o
                0x0000000008000f98                COBS_encode
 .text.COBS_decode
                0x0000000008001046       0x8a Core/Src/components/cobs.o
                0x0000000008001046                COBS_decode
 .text.Cyclic_voltammetryManagement
                0x00000000080010d0      0x1a8 Core/Src/components/cyclic_voltammetry.o
                0x00000000080010d0                Cyclic_voltammetryManagement
 .text.SendVoltageToDac
                0x0000000008001278       0x80 Core/Src/components/dac.o
                0x0000000008001278                SendVoltageToDac
 .text.ClockConfiguration
                0x00000000080012f8       0x78 Core/Src/components/dac.o
                0x00000000080012f8                ClockConfiguration
 .text.setup    0x0000000008001370       0x1c Core/Src/components/loop.o
                0x0000000008001370                setup
 .text.loop     0x000000000800138c       0x94 Core/Src/components/loop.o
                0x000000000800138c                loop
 .text.interrupt_management
                0x0000000008001420       0xe4 Core/Src/components/loop.o
                0x0000000008001420                interrupt_management
 .text.MASB_COMM_S_waitForMessage
                0x0000000008001504       0x38 Core/Src/components/masb_comm_s.o
                0x0000000008001504                MASB_COMM_S_waitForMessage
 .text.MASB_COMM_S_dataReceived
                0x000000000800153c       0x34 Core/Src/components/masb_comm_s.o
                0x000000000800153c                MASB_COMM_S_dataReceived
 .text.MASB_COMM_S_command
                0x0000000008001570       0x18 Core/Src/components/masb_comm_s.o
                0x0000000008001570                MASB_COMM_S_command
 .text.MASB_COMM_S_getCvConfiguration
                0x0000000008001588       0x98 Core/Src/components/masb_comm_s.o
                0x0000000008001588                MASB_COMM_S_getCvConfiguration
 .text.MASB_COMM_S_getCaConfiguration
                0x0000000008001620       0x68 Core/Src/components/masb_comm_s.o
                0x0000000008001620                MASB_COMM_S_getCaConfiguration
 .text.MASB_COMM_S_sendData
                0x0000000008001688       0xa4 Core/Src/components/masb_comm_s.o
                0x0000000008001688                MASB_COMM_S_sendData
 .text.saveByteArrayAsDoubleFromBuffer
                0x000000000800172c       0x50 Core/Src/components/masb_comm_s.o
 .text.saveByteArrayAsLongFromBuffer
                0x000000000800177c       0x58 Core/Src/components/masb_comm_s.o
 .text.saveLongAsByteArrayIntoBuffer
                0x00000000080017d4       0x4c Core/Src/components/masb_comm_s.o
 .text.saveDoubleAsByteArrayIntoBuffer
                0x0000000008001820       0x50 Core/Src/components/masb_comm_s.o
 .text.main     0x0000000008001870       0x2a Core/Src/main.o
                0x0000000008001870                main
 *fill*         0x000000000800189a        0x2 
 .text.SystemClock_Config
                0x000000000800189c       0xd8 Core/Src/main.o
                0x000000000800189c                SystemClock_Config
 .text.MX_ADC1_Init
                0x0000000008001974       0xa4 Core/Src/main.o
 .text.MX_I2C1_Init
                0x0000000008001a18       0x5c Core/Src/main.o
 .text.MX_TIM3_Init
                0x0000000008001a74       0x98 Core/Src/main.o
 .text.MX_USART2_UART_Init
                0x0000000008001b0c       0x54 Core/Src/main.o
 .text.MX_GPIO_Init
                0x0000000008001b60      0x108 Core/Src/main.o
 .text.HAL_TIM_PeriodElapsedCallback
                0x0000000008001c68       0x14 Core/Src/main.o
                0x0000000008001c68                HAL_TIM_PeriodElapsedCallback
 .text.Error_Handler
                0x0000000008001c7c        0xe Core/Src/main.o
                0x0000000008001c7c                Error_Handler
 *fill*         0x0000000008001c8a        0x2 
 .text.HAL_MspInit
                0x0000000008001c8c       0x50 Core/Src/stm32f4xx_hal_msp.o
                0x0000000008001c8c                HAL_MspInit
 .text.HAL_ADC_MspInit
                0x0000000008001cdc       0x88 Core/Src/stm32f4xx_hal_msp.o
                0x0000000008001cdc                HAL_ADC_MspInit
 .text.HAL_I2C_MspInit
                0x0000000008001d64       0x90 Core/Src/stm32f4xx_hal_msp.o
                0x0000000008001d64                HAL_I2C_MspInit
 .text.HAL_TIM_Base_MspInit
                0x0000000008001df4       0x50 Core/Src/stm32f4xx_hal_msp.o
                0x0000000008001df4                HAL_TIM_Base_MspInit
 .text.HAL_UART_MspInit
                0x0000000008001e44       0x90 Core/Src/stm32f4xx_hal_msp.o
                0x0000000008001e44                HAL_UART_MspInit
 .text.NMI_Handler
                0x0000000008001ed4        0xe Core/Src/stm32f4xx_it.o
                0x0000000008001ed4                NMI_Handler
 .text.HardFault_Handler
                0x0000000008001ee2        0x6 Core/Src/stm32f4xx_it.o
                0x0000000008001ee2                HardFault_Handler
 .text.MemManage_Handler
                0x0000000008001ee8        0x6 Core/Src/stm32f4xx_it.o
                0x0000000008001ee8                MemManage_Handler
 .text.BusFault_Handler
                0x0000000008001eee        0x6 Core/Src/stm32f4xx_it.o
                0x0000000008001eee                BusFault_Handler
 .text.UsageFault_Handler
                0x0000000008001ef4        0x6 Core/Src/stm32f4xx_it.o
                0x0000000008001ef4                UsageFault_Handler
 .text.SVC_Handler
                0x0000000008001efa        0xe Core/Src/stm32f4xx_it.o
                0x0000000008001efa                SVC_Handler
 .text.DebugMon_Handler
                0x0000000008001f08        0xe Core/Src/stm32f4xx_it.o
                0x0000000008001f08                DebugMon_Handler
 .text.PendSV_Handler
                0x0000000008001f16        0xe Core/Src/stm32f4xx_it.o
                0x0000000008001f16                PendSV_Handler
 .text.SysTick_Handler
                0x0000000008001f24        0xc Core/Src/stm32f4xx_it.o
                0x0000000008001f24                SysTick_Handler
 .text.TIM3_IRQHandler
                0x0000000008001f30       0x14 Core/Src/stm32f4xx_it.o
                0x0000000008001f30                TIM3_IRQHandler
 .text.SystemInit
                0x0000000008001f44       0x2c Core/Src/system_stm32f4xx.o
                0x0000000008001f44                SystemInit
 .text.Reset_Handler
                0x0000000008001f70       0x50 Core/Startup/startup_stm32f401retx.o
                0x0000000008001f70                Reset_Handler
 .text.Default_Handler
                0x0000000008001fc0        0x2 Core/Startup/startup_stm32f401retx.o
                0x0000000008001fc0                RTC_Alarm_IRQHandler
                0x0000000008001fc0                EXTI2_IRQHandler
                0x0000000008001fc0                SPI4_IRQHandler
                0x0000000008001fc0                TIM1_CC_IRQHandler
                0x0000000008001fc0                DMA2_Stream5_IRQHandler
                0x0000000008001fc0                DMA1_Stream5_IRQHandler
                0x0000000008001fc0                PVD_IRQHandler
                0x0000000008001fc0                SDIO_IRQHandler
                0x0000000008001fc0                TAMP_STAMP_IRQHandler
                0x0000000008001fc0                EXTI3_IRQHandler
                0x0000000008001fc0                TIM1_UP_TIM10_IRQHandler
                0x0000000008001fc0                I2C3_ER_IRQHandler
                0x0000000008001fc0                EXTI0_IRQHandler
                0x0000000008001fc0                I2C2_EV_IRQHandler
                0x0000000008001fc0                DMA1_Stream2_IRQHandler
                0x0000000008001fc0                FPU_IRQHandler
                0x0000000008001fc0                DMA2_Stream2_IRQHandler
                0x0000000008001fc0                SPI1_IRQHandler
                0x0000000008001fc0                TIM1_BRK_TIM9_IRQHandler
                0x0000000008001fc0                DMA2_Stream3_IRQHandler
                0x0000000008001fc0                USART6_IRQHandler
                0x0000000008001fc0                DMA2_Stream0_IRQHandler
                0x0000000008001fc0                TIM4_IRQHandler
                0x0000000008001fc0                I2C1_EV_IRQHandler
                0x0000000008001fc0                DMA1_Stream6_IRQHandler
                0x0000000008001fc0                DMA1_Stream1_IRQHandler
                0x0000000008001fc0                RCC_IRQHandler
                0x0000000008001fc0                Default_Handler
                0x0000000008001fc0                EXTI15_10_IRQHandler
                0x0000000008001fc0                ADC_IRQHandler
                0x0000000008001fc0                DMA1_Stream7_IRQHandler
                0x0000000008001fc0                TIM5_IRQHandler
                0x0000000008001fc0                DMA2_Stream7_IRQHandler
                0x0000000008001fc0                I2C3_EV_IRQHandler
                0x0000000008001fc0                EXTI9_5_IRQHandler
                0x0000000008001fc0                RTC_WKUP_IRQHandler
                0x0000000008001fc0                SPI2_IRQHandler
                0x0000000008001fc0                DMA1_Stream0_IRQHandler
                0x0000000008001fc0                EXTI4_IRQHandler
                0x0000000008001fc0                WWDG_IRQHandler
                0x0000000008001fc0                TIM2_IRQHandler
                0x0000000008001fc0                OTG_FS_WKUP_IRQHandler
                0x0000000008001fc0                TIM1_TRG_COM_TIM11_IRQHandler
                0x0000000008001fc0                EXTI1_IRQHandler
                0x0000000008001fc0                USART2_IRQHandler
                0x0000000008001fc0                I2C2_ER_IRQHandler
                0x0000000008001fc0                DMA2_Stream1_IRQHandler
                0x0000000008001fc0                FLASH_IRQHandler
                0x0000000008001fc0                DMA2_Stream4_IRQHandler
                0x0000000008001fc0                USART1_IRQHandler
                0x0000000008001fc0                OTG_FS_IRQHandler
                0x0000000008001fc0                SPI3_IRQHandler
                0x0000000008001fc0                DMA1_Stream4_IRQHandler
                0x0000000008001fc0                I2C1_ER_IRQHandler
                0x0000000008001fc0                DMA2_Stream6_IRQHandler
                0x0000000008001fc0                DMA1_Stream3_IRQHandler
 *fill*         0x0000000008001fc2        0x2 
 .text.HAL_Init
                0x0000000008001fc4       0x44 Drivers/STM32F4xx_HAL_Driver/Src/stm32f4xx_hal.o
                0x0000000008001fc4                HAL_Init
 .text.HAL_InitTick
                0x0000000008002008       0x60 Drivers/STM32F4xx_HAL_Driver/Src/stm32f4xx_hal.o
                0x0000000008002008                HAL_InitTick
 .text.HAL_IncTick
                0x0000000008002068       0x28 Drivers/STM32F4xx_HAL_Driver/Src/stm32f4xx_hal.o
                0x0000000008002068                HAL_IncTick
 .text.HAL_GetTick
                0x0000000008002090       0x18 Drivers/STM32F4xx_HAL_Driver/Src/stm32f4xx_hal.o
                0x0000000008002090                HAL_GetTick
 .text.HAL_ADC_Init
                0x00000000080020a8       0x86 Drivers/STM32F4xx_HAL_Driver/Src/stm32f4xx_hal_adc.o
                0x00000000080020a8                HAL_ADC_Init
 *fill*         0x000000000800212e        0x2 
 .text.HAL_ADC_Start
                0x0000000008002130      0x14c Drivers/STM32F4xx_HAL_Driver/Src/stm32f4xx_hal_adc.o
                0x0000000008002130                HAL_ADC_Start
 .text.HAL_ADC_PollForConversion
                0x000000000800227c      0x108 Drivers/STM32F4xx_HAL_Driver/Src/stm32f4xx_hal_adc.o
                0x000000000800227c                HAL_ADC_PollForConversion
 .text.HAL_ADC_GetValue
                0x0000000008002384       0x1a Drivers/STM32F4xx_HAL_Driver/Src/stm32f4xx_hal_adc.o
                0x0000000008002384                HAL_ADC_GetValue
 *fill*         0x000000000800239e        0x2 
 .text.HAL_ADC_ConfigChannel
                0x00000000080023a0      0x244 Drivers/STM32F4xx_HAL_Driver/Src/stm32f4xx_hal_adc.o
                0x00000000080023a0                HAL_ADC_ConfigChannel
 .text.ADC_Init
                0x00000000080025e4      0x1f8 Drivers/STM32F4xx_HAL_Driver/Src/stm32f4xx_hal_adc.o
 .text.__NVIC_SetPriorityGrouping
                0x00000000080027dc       0x48 Drivers/STM32F4xx_HAL_Driver/Src/stm32f4xx_hal_cortex.o
 .text.__NVIC_GetPriorityGrouping
                0x0000000008002824       0x1c Drivers/STM32F4xx_HAL_Driver/Src/stm32f4xx_hal_cortex.o
 .text.__NVIC_EnableIRQ
                0x0000000008002840       0x3c Drivers/STM32F4xx_HAL_Driver/Src/stm32f4xx_hal_cortex.o
 .text.__NVIC_SetPriority
                0x000000000800287c       0x54 Drivers/STM32F4xx_HAL_Driver/Src/stm32f4xx_hal_cortex.o
 .text.NVIC_EncodePriority
                0x00000000080028d0       0x66 Drivers/STM32F4xx_HAL_Driver/Src/stm32f4xx_hal_cortex.o
 *fill*         0x0000000008002936        0x2 
 .text.SysTick_Config
                0x0000000008002938       0x44 Drivers/STM32F4xx_HAL_Driver/Src/stm32f4xx_hal_cortex.o
 .text.HAL_NVIC_SetPriorityGrouping
                0x000000000800297c       0x16 Drivers/STM32F4xx_HAL_Driver/Src/stm32f4xx_hal_cortex.o
                0x000000000800297c                HAL_NVIC_SetPriorityGrouping
 .text.HAL_NVIC_SetPriority
                0x0000000008002992       0x38 Drivers/STM32F4xx_HAL_Driver/Src/stm32f4xx_hal_cortex.o
                0x0000000008002992                HAL_NVIC_SetPriority
 .text.HAL_NVIC_EnableIRQ
                0x00000000080029ca       0x1c Drivers/STM32F4xx_HAL_Driver/Src/stm32f4xx_hal_cortex.o
                0x00000000080029ca                HAL_NVIC_EnableIRQ
 .text.HAL_SYSTICK_Config
                0x00000000080029e6       0x18 Drivers/STM32F4xx_HAL_Driver/Src/stm32f4xx_hal_cortex.o
                0x00000000080029e6                HAL_SYSTICK_Config
 *fill*         0x00000000080029fe        0x2 
 .text.HAL_GPIO_Init
                0x0000000008002a00      0x304 Drivers/STM32F4xx_HAL_Driver/Src/stm32f4xx_hal_gpio.o
                0x0000000008002a00                HAL_GPIO_Init
 .text.HAL_GPIO_WritePin
                0x0000000008002d04       0x32 Drivers/STM32F4xx_HAL_Driver/Src/stm32f4xx_hal_gpio.o
                0x0000000008002d04                HAL_GPIO_WritePin
 *fill*         0x0000000008002d36        0x2 
 .text.HAL_I2C_Init
                0x0000000008002d38      0x270 Drivers/STM32F4xx_HAL_Driver/Src/stm32f4xx_hal_i2c.o
                0x0000000008002d38                HAL_I2C_Init
 .text.HAL_RCC_OscConfig
                0x0000000008002fa8      0x4e0 Drivers/STM32F4xx_HAL_Driver/Src/stm32f4xx_hal_rcc.o
                0x0000000008002fa8                HAL_RCC_OscConfig
 .text.HAL_RCC_ClockConfig
                0x0000000008003488      0x1cc Drivers/STM32F4xx_HAL_Driver/Src/stm32f4xx_hal_rcc.o
                0x0000000008003488                HAL_RCC_ClockConfig
 .text.HAL_RCC_GetSysClockFreq
                0x0000000008003654      0x1b0 Drivers/STM32F4xx_HAL_Driver/Src/stm32f4xx_hal_rcc.o
                0x0000000008003654                HAL_RCC_GetSysClockFreq
 .text.HAL_RCC_GetHCLKFreq
                0x0000000008003804       0x18 Drivers/STM32F4xx_HAL_Driver/Src/stm32f4xx_hal_rcc.o
                0x0000000008003804                HAL_RCC_GetHCLKFreq
 .text.HAL_RCC_GetPCLK1Freq
                0x000000000800381c       0x28 Drivers/STM32F4xx_HAL_Driver/Src/stm32f4xx_hal_rcc.o
                0x000000000800381c                HAL_RCC_GetPCLK1Freq
 .text.HAL_RCC_GetPCLK2Freq
                0x0000000008003844       0x28 Drivers/STM32F4xx_HAL_Driver/Src/stm32f4xx_hal_rcc.o
                0x0000000008003844                HAL_RCC_GetPCLK2Freq
 .text.HAL_TIM_Base_Init
                0x000000000800386c       0x56 Drivers/STM32F4xx_HAL_Driver/Src/stm32f4xx_hal_tim.o
                0x000000000800386c                HAL_TIM_Base_Init
 .text.HAL_TIM_Base_Start_IT
                0x00000000080038c2       0x48 Drivers/STM32F4xx_HAL_Driver/Src/stm32f4xx_hal_tim.o
                0x00000000080038c2                HAL_TIM_Base_Start_IT
 .text.HAL_TIM_Base_Stop_IT
                0x000000000800390a       0x56 Drivers/STM32F4xx_HAL_Driver/Src/stm32f4xx_hal_tim.o
                0x000000000800390a                HAL_TIM_Base_Stop_IT
 .text.HAL_TIM_IRQHandler
                0x0000000008003960      0x210 Drivers/STM32F4xx_HAL_Driver/Src/stm32f4xx_hal_tim.o
                0x0000000008003960                HAL_TIM_IRQHandler
 .text.HAL_TIM_ConfigClockSource
                0x0000000008003b70      0x16e Drivers/STM32F4xx_HAL_Driver/Src/stm32f4xx_hal_tim.o
                0x0000000008003b70                HAL_TIM_ConfigClockSource
 .text.HAL_TIM_OC_DelayElapsedCallback
                0x0000000008003cde       0x14 Drivers/STM32F4xx_HAL_Driver/Src/stm32f4xx_hal_tim.o
                0x0000000008003cde                HAL_TIM_OC_DelayElapsedCallback
 .text.HAL_TIM_IC_CaptureCallback
                0x0000000008003cf2       0x14 Drivers/STM32F4xx_HAL_Driver/Src/stm32f4xx_hal_tim.o
                0x0000000008003cf2                HAL_TIM_IC_CaptureCallback
 .text.HAL_TIM_PWM_PulseFinishedCallback
                0x0000000008003d06       0x14 Drivers/STM32F4xx_HAL_Driver/Src/stm32f4xx_hal_tim.o
                0x0000000008003d06                HAL_TIM_PWM_PulseFinishedCallback
 .text.HAL_TIM_TriggerCallback
                0x0000000008003d1a       0x14 Drivers/STM32F4xx_HAL_Driver/Src/stm32f4xx_hal_tim.o
                0x0000000008003d1a                HAL_TIM_TriggerCallback
 *fill*         0x0000000008003d2e        0x2 
 .text.TIM_Base_SetConfig
                0x0000000008003d30      0x100 Drivers/STM32F4xx_HAL_Driver/Src/stm32f4xx_hal_tim.o
                0x0000000008003d30                TIM_Base_SetConfig
 .text.TIM_TI1_ConfigInputStage
                0x0000000008003e30       0x5e Drivers/STM32F4xx_HAL_Driver/Src/stm32f4xx_hal_tim.o
 .text.TIM_TI2_ConfigInputStage
                0x0000000008003e8e       0x60 Drivers/STM32F4xx_HAL_Driver/Src/stm32f4xx_hal_tim.o
 .text.TIM_ITRx_SetConfig
                0x0000000008003eee       0x36 Drivers/STM32F4xx_HAL_Driver/Src/stm32f4xx_hal_tim.o
 .text.TIM_ETR_SetConfig
                0x0000000008003f24       0x40 Drivers/STM32F4xx_HAL_Driver/Src/stm32f4xx_hal_tim.o
                0x0000000008003f24                TIM_ETR_SetConfig
 .text.HAL_TIMEx_MasterConfigSynchronization
                0x0000000008003f64       0xdc Drivers/STM32F4xx_HAL_Driver/Src/stm32f4xx_hal_tim_ex.o
                0x0000000008003f64                HAL_TIMEx_MasterConfigSynchronization
 .text.HAL_TIMEx_CommutCallback
                0x0000000008004040       0x14 Drivers/STM32F4xx_HAL_Driver/Src/stm32f4xx_hal_tim_ex.o
                0x0000000008004040                HAL_TIMEx_CommutCallback
 .text.HAL_TIMEx_BreakCallback
                0x0000000008004054       0x14 Drivers/STM32F4xx_HAL_Driver/Src/stm32f4xx_hal_tim_ex.o
                0x0000000008004054                HAL_TIMEx_BreakCallback
 .text.HAL_UART_Init
                0x0000000008004068       0x9a Drivers/STM32F4xx_HAL_Driver/Src/stm32f4xx_hal_uart.o
                0x0000000008004068                HAL_UART_Init
 .text.HAL_UART_Transmit_IT
                0x0000000008004102       0x8a Drivers/STM32F4xx_HAL_Driver/Src/stm32f4xx_hal_uart.o
                0x0000000008004102                HAL_UART_Transmit_IT
 .text.HAL_UART_Receive_IT
                0x000000000800418c       0xaa Drivers/STM32F4xx_HAL_Driver/Src/stm32f4xx_hal_uart.o
                0x000000000800418c                HAL_UART_Receive_IT
 *fill*         0x0000000008004236        0x2 
 .text.UART_SetConfig
                0x0000000008004238      0x6f8 Drivers/STM32F4xx_HAL_Driver/Src/stm32f4xx_hal_uart.o
 .text.__libc_init_array
                0x0000000008004930       0x48 c:/st/stm32cubeide_1.3.0/stm32cubeide/plugins/com.st.stm32cube.ide.mcu.externaltools.gnu-tools-for-stm32.7-2018-q2-update.win32_1.0.0.201904181610/tools/bin/../lib/gcc/arm-none-eabi/7.3.1/../../../../arm-none-eabi/lib/thumb/v7e-m/fpv4-sp/hard\libc_nano.a(lib_a-init.o)
                0x0000000008004930                __libc_init_array
 .text.memset   0x0000000008004978       0x10 c:/st/stm32cubeide_1.3.0/stm32cubeide/plugins/com.st.stm32cube.ide.mcu.externaltools.gnu-tools-for-stm32.7-2018-q2-update.win32_1.0.0.201904181610/tools/bin/../lib/gcc/arm-none-eabi/7.3.1/../../../../arm-none-eabi/lib/thumb/v7e-m/fpv4-sp/hard\libc_nano.a(lib_a-memset.o)
                0x0000000008004978                memset
 .text.round    0x0000000008004988       0x94 c:/st/stm32cubeide_1.3.0/stm32cubeide/plugins/com.st.stm32cube.ide.mcu.externaltools.gnu-tools-for-stm32.7-2018-q2-update.win32_1.0.0.201904181610/tools/bin/../lib/gcc/arm-none-eabi/7.3.1/../../../../arm-none-eabi/lib/thumb/v7e-m/fpv4-sp/hard\libm.a(lib_a-s_round.o)
                0x0000000008004988                round
 *(.glue_7)
 .glue_7        0x0000000008004a1c        0x0 linker stubs
 *(.glue_7t)
 .glue_7t       0x0000000008004a1c        0x0 linker stubs
 *(.eh_frame)
 .eh_frame      0x0000000008004a1c        0x0 c:/st/stm32cubeide_1.3.0/stm32cubeide/plugins/com.st.stm32cube.ide.mcu.externaltools.gnu-tools-for-stm32.7-2018-q2-update.win32_1.0.0.201904181610/tools/bin/../lib/gcc/arm-none-eabi/7.3.1/thumb/v7e-m/fpv4-sp/hard/crtbegin.o
 *(.init)
 .init          0x0000000008004a1c        0x4 c:/st/stm32cubeide_1.3.0/stm32cubeide/plugins/com.st.stm32cube.ide.mcu.externaltools.gnu-tools-for-stm32.7-2018-q2-update.win32_1.0.0.201904181610/tools/bin/../lib/gcc/arm-none-eabi/7.3.1/thumb/v7e-m/fpv4-sp/hard/crti.o
                0x0000000008004a1c                _init
 .init          0x0000000008004a20        0x8 c:/st/stm32cubeide_1.3.0/stm32cubeide/plugins/com.st.stm32cube.ide.mcu.externaltools.gnu-tools-for-stm32.7-2018-q2-update.win32_1.0.0.201904181610/tools/bin/../lib/gcc/arm-none-eabi/7.3.1/thumb/v7e-m/fpv4-sp/hard/crtn.o
 *(.fini)
 .fini          0x0000000008004a28        0x4 c:/st/stm32cubeide_1.3.0/stm32cubeide/plugins/com.st.stm32cube.ide.mcu.externaltools.gnu-tools-for-stm32.7-2018-q2-update.win32_1.0.0.201904181610/tools/bin/../lib/gcc/arm-none-eabi/7.3.1/thumb/v7e-m/fpv4-sp/hard/crti.o
                0x0000000008004a28                _fini
 .fini          0x0000000008004a2c        0x8 c:/st/stm32cubeide_1.3.0/stm32cubeide/plugins/com.st.stm32cube.ide.mcu.externaltools.gnu-tools-for-stm32.7-2018-q2-update.win32_1.0.0.201904181610/tools/bin/../lib/gcc/arm-none-eabi/7.3.1/thumb/v7e-m/fpv4-sp/hard/crtn.o
                0x0000000008004a34                . = ALIGN (0x4)
                0x0000000008004a34                _etext = .

.vfp11_veneer   0x0000000008004a34        0x0
 .vfp11_veneer  0x0000000008004a34        0x0 linker stubs

.v4_bx          0x0000000008004a34        0x0
 .v4_bx         0x0000000008004a34        0x0 linker stubs

.iplt           0x0000000008004a34        0x0
 .iplt          0x0000000008004a34        0x0 c:/st/stm32cubeide_1.3.0/stm32cubeide/plugins/com.st.stm32cube.ide.mcu.externaltools.gnu-tools-for-stm32.7-2018-q2-update.win32_1.0.0.201904181610/tools/bin/../lib/gcc/arm-none-eabi/7.3.1/thumb/v7e-m/fpv4-sp/hard/crtbegin.o

.rodata         0x0000000008004a34       0x40
                0x0000000008004a34                . = ALIGN (0x4)
 *(.rodata)
 .rodata        0x0000000008004a34        0x9 Core/Src/components/chronoamperometry.o
 *fill*         0x0000000008004a3d        0x3 
 .rodata        0x0000000008004a40        0x9 Core/Src/components/cyclic_voltammetry.o
 *fill*         0x0000000008004a49        0x3 
 .rodata        0x0000000008004a4c        0xd Core/Src/components/loop.o
 *(.rodata*)
 *fill*         0x0000000008004a59        0x3 
 .rodata.AHBPrescTable
                0x0000000008004a5c       0x10 Core/Src/system_stm32f4xx.o
                0x0000000008004a5c                AHBPrescTable
 .rodata.APBPrescTable
                0x0000000008004a6c        0x8 Core/Src/system_stm32f4xx.o
                0x0000000008004a6c                APBPrescTable
                0x0000000008004a74                . = ALIGN (0x4)

.ARM.extab      0x0000000008004a74        0x0
                0x0000000008004a74                . = ALIGN (0x4)
 *(.ARM.extab* .gnu.linkonce.armextab.*)
                0x0000000008004a74                . = ALIGN (0x4)

.ARM            0x0000000008004a74        0x8
                0x0000000008004a74                . = ALIGN (0x4)
                0x0000000008004a74                __exidx_start = .
 *(.ARM.exidx*)
 .ARM.exidx     0x0000000008004a74        0x8 c:/st/stm32cubeide_1.3.0/stm32cubeide/plugins/com.st.stm32cube.ide.mcu.externaltools.gnu-tools-for-stm32.7-2018-q2-update.win32_1.0.0.201904181610/tools/bin/../lib/gcc/arm-none-eabi/7.3.1/thumb/v7e-m/fpv4-sp/hard\libgcc.a(_udivmoddi4.o)
                0x0000000008004a7c                __exidx_end = .
                0x0000000008004a7c                . = ALIGN (0x4)

.rel.dyn        0x0000000008004a7c        0x0
 .rel.iplt      0x0000000008004a7c        0x0 c:/st/stm32cubeide_1.3.0/stm32cubeide/plugins/com.st.stm32cube.ide.mcu.externaltools.gnu-tools-for-stm32.7-2018-q2-update.win32_1.0.0.201904181610/tools/bin/../lib/gcc/arm-none-eabi/7.3.1/thumb/v7e-m/fpv4-sp/hard/crtbegin.o

.preinit_array  0x0000000008004a7c        0x0
                0x0000000008004a7c                . = ALIGN (0x4)
                0x0000000008004a7c                PROVIDE (__preinit_array_start = .)
 *(.preinit_array*)
                0x0000000008004a7c                PROVIDE (__preinit_array_end = .)
                0x0000000008004a7c                . = ALIGN (0x4)

.init_array     0x0000000008004a7c        0x4
                0x0000000008004a7c                . = ALIGN (0x4)
                0x0000000008004a7c                PROVIDE (__init_array_start = .)
 *(SORT_BY_NAME(.init_array.*))
 *(.init_array*)
 .init_array    0x0000000008004a7c        0x4 c:/st/stm32cubeide_1.3.0/stm32cubeide/plugins/com.st.stm32cube.ide.mcu.externaltools.gnu-tools-for-stm32.7-2018-q2-update.win32_1.0.0.201904181610/tools/bin/../lib/gcc/arm-none-eabi/7.3.1/thumb/v7e-m/fpv4-sp/hard/crtbegin.o
                0x0000000008004a80                PROVIDE (__init_array_end = .)
                0x0000000008004a80                . = ALIGN (0x4)

.fini_array     0x0000000008004a80        0x4
                0x0000000008004a80                . = ALIGN (0x4)
                [!provide]                        PROVIDE (__fini_array_start = .)
 *(SORT_BY_NAME(.fini_array.*))
 *(.fini_array*)
 .fini_array    0x0000000008004a80        0x4 c:/st/stm32cubeide_1.3.0/stm32cubeide/plugins/com.st.stm32cube.ide.mcu.externaltools.gnu-tools-for-stm32.7-2018-q2-update.win32_1.0.0.201904181610/tools/bin/../lib/gcc/arm-none-eabi/7.3.1/thumb/v7e-m/fpv4-sp/hard/crtbegin.o
                [!provide]                        PROVIDE (__fini_array_end = .)
                0x0000000008004a84                . = ALIGN (0x4)
                0x0000000008004a84                _sidata = LOADADDR (.data)

.data           0x0000000020000000       0x14 load address 0x0000000008004a84
                0x0000000020000000                . = ALIGN (0x4)
                0x0000000020000000                _sdata = .
 *(.data)
 *(.data*)
 .data.prescaler
                0x0000000020000000        0x4 Core/Src/components/dac.o
                0x0000000020000000                prescaler
 .data.count    0x0000000020000004        0x1 Core/Src/main.o
                0x0000000020000004                count
 *fill*         0x0000000020000005        0x3 
 .data.SystemCoreClock
                0x0000000020000008        0x4 Core/Src/system_stm32f4xx.o
                0x0000000020000008                SystemCoreClock
 .data.uwTickPrio
                0x000000002000000c        0x4 Drivers/STM32F4xx_HAL_Driver/Src/stm32f4xx_hal.o
                0x000000002000000c                uwTickPrio
 .data.uwTickFreq
                0x0000000020000010        0x1 Drivers/STM32F4xx_HAL_Driver/Src/stm32f4xx_hal.o
                0x0000000020000010                uwTickFreq
                0x0000000020000014                . = ALIGN (0x4)
 *fill*         0x0000000020000011        0x3 
                0x0000000020000014                _edata = .

.igot.plt       0x0000000020000014        0x0 load address 0x0000000008004a98
 .igot.plt      0x0000000020000014        0x0 c:/st/stm32cubeide_1.3.0/stm32cubeide/plugins/com.st.stm32cube.ide.mcu.externaltools.gnu-tools-for-stm32.7-2018-q2-update.win32_1.0.0.201904181610/tools/bin/../lib/gcc/arm-none-eabi/7.3.1/thumb/v7e-m/fpv4-sp/hard/crtbegin.o
                0x0000000020000014                . = ALIGN (0x4)

.bss            0x0000000020000018      0x29c load address 0x0000000008004a98
                0x0000000020000018                _sbss = .
                0x0000000020000018                __bss_start__ = _sbss
 *(.bss)
 .bss           0x0000000020000018       0x1c c:/st/stm32cubeide_1.3.0/stm32cubeide/plugins/com.st.stm32cube.ide.mcu.externaltools.gnu-tools-for-stm32.7-2018-q2-update.win32_1.0.0.201904181610/tools/bin/../lib/gcc/arm-none-eabi/7.3.1/thumb/v7e-m/fpv4-sp/hard/crtbegin.o
 *(.bss*)
 .bss.Vadc      0x0000000020000034        0x4 Core/Src/components/adc.o
                0x0000000020000034                Vadc
 .bss.vcell     0x0000000020000038        0x8 Core/Src/components/adc.o
                0x0000000020000038                vcell
 .bss.DacBuffer
                0x0000000020000040        0x3 Core/Src/components/dac.o
                0x0000000020000040                DacBuffer
 *fill*         0x0000000020000043        0x1 
 .bss.rxBuffer  0x0000000020000044       0x32 Core/Src/components/masb_comm_s.o
                0x0000000020000044                rxBuffer
 *fill*         0x0000000020000076        0x2 
 .bss.txBuffer  0x0000000020000078       0x32 Core/Src/components/masb_comm_s.o
                0x0000000020000078                txBuffer
 *fill*         0x00000000200000aa        0x2 
 .bss.rxBufferDecoded
                0x00000000200000ac       0x32 Core/Src/components/masb_comm_s.o
                0x00000000200000ac                rxBufferDecoded
 *fill*         0x00000000200000de        0x2 
 .bss.txBufferDecoded
                0x00000000200000e0       0x32 Core/Src/components/masb_comm_s.o
                0x00000000200000e0                txBufferDecoded
 .bss.rxIndex   0x0000000020000112        0x1 Core/Src/components/masb_comm_s.o
                0x0000000020000112                rxIndex
 .bss.dataReceived
                0x0000000020000113        0x1 Core/Src/components/masb_comm_s.o
                0x0000000020000113                dataReceived
 *fill*         0x0000000020000114        0x4 
 .bss.samplingPeriod
                0x0000000020000118        0x8 Core/Src/main.o
                0x0000000020000118                samplingPeriod
 .bss.Ts        0x0000000020000120        0x4 Core/Src/main.o
                0x0000000020000120                Ts
 *(COMMON)
 COMMON         0x0000000020000124       0x48 Core/Src/components/adc.o
                0x0000000020000124                hadc1
 *fill*         0x000000002000016c        0x4 
 COMMON         0x0000000020000170       0x58 Core/Src/components/loop.o
                0x0000000020000170                caConfiguration
                0x0000000020000180                cvConfiguration
                0x00000000200001b0                data
 COMMON         0x00000000200001c8       0x10 Core/Src/components/masb_comm_s.o
                0x00000000200001c8                longConverter
                0x00000000200001d0                doubleConverter
 COMMON         0x00000000200001d8       0xd8 Core/Src/main.o
                0x00000000200001d8                hi2c1
                0x000000002000022c                estado
                0x0000000020000230                htim3
                0x0000000020000270                huart2
 COMMON         0x00000000200002b0        0x4 Drivers/STM32F4xx_HAL_Driver/Src/stm32f4xx_hal.o
                0x00000000200002b0                uwTick
                0x00000000200002b4                . = ALIGN (0x4)
                0x00000000200002b4                _ebss = .
                0x00000000200002b4                __bss_end__ = _ebss

._user_heap_stack
                0x00000000200002b4      0x604 load address 0x0000000008004a98
                0x00000000200002b8                . = ALIGN (0x8)
 *fill*         0x00000000200002b4        0x4 
                0x00000000200002b8                PROVIDE (end = .)
                [!provide]                        PROVIDE (_end = .)
                0x00000000200004b8                . = (. + _Min_Heap_Size)
 *fill*         0x00000000200002b8      0x200 
                0x00000000200008b8                . = (. + _Min_Stack_Size)
 *fill*         0x00000000200004b8      0x400 
                0x00000000200008b8                . = ALIGN (0x8)

/DISCARD/
 libc.a(*)
 libm.a(*)
 libgcc.a(*)

.ARM.attributes
                0x0000000000000000       0x30
 *(.ARM.attributes)
 .ARM.attributes
                0x0000000000000000       0x22 c:/st/stm32cubeide_1.3.0/stm32cubeide/plugins/com.st.stm32cube.ide.mcu.externaltools.gnu-tools-for-stm32.7-2018-q2-update.win32_1.0.0.201904181610/tools/bin/../lib/gcc/arm-none-eabi/7.3.1/thumb/v7e-m/fpv4-sp/hard/crti.o
 .ARM.attributes
                0x0000000000000022       0x34 c:/st/stm32cubeide_1.3.0/stm32cubeide/plugins/com.st.stm32cube.ide.mcu.externaltools.gnu-tools-for-stm32.7-2018-q2-update.win32_1.0.0.201904181610/tools/bin/../lib/gcc/arm-none-eabi/7.3.1/thumb/v7e-m/fpv4-sp/hard/crtbegin.o
 .ARM.attributes
                0x0000000000000056       0x39 Core/Src/components/adc.o
 .ARM.attributes
                0x000000000000008f       0x39 Core/Src/components/chronoamperometry.o
 .ARM.attributes
                0x00000000000000c8       0x39 Core/Src/components/cobs.o
 .ARM.attributes
                0x0000000000000101       0x39 Core/Src/components/cyclic_voltammetry.o
 .ARM.attributes
                0x000000000000013a       0x39 Core/Src/components/dac.o
 .ARM.attributes
                0x0000000000000173       0x39 Core/Src/components/loop.o
 .ARM.attributes
                0x00000000000001ac       0x39 Core/Src/components/masb_comm_s.o
 .ARM.attributes
                0x00000000000001e5       0x39 Core/Src/main.o
 .ARM.attributes
                0x000000000000021e       0x39 Core/Src/stm32f4xx_hal_msp.o
 .ARM.attributes
                0x0000000000000257       0x39 Core/Src/stm32f4xx_it.o
 .ARM.attributes
                0x0000000000000290       0x39 Core/Src/system_stm32f4xx.o
 .ARM.attributes
                0x00000000000002c9       0x21 Core/Startup/startup_stm32f401retx.o
 .ARM.attributes
                0x00000000000002ea       0x39 Drivers/STM32F4xx_HAL_Driver/Src/stm32f4xx_hal.o
 .ARM.attributes
                0x0000000000000323       0x39 Drivers/STM32F4xx_HAL_Driver/Src/stm32f4xx_hal_adc.o
 .ARM.attributes
                0x000000000000035c       0x39 Drivers/STM32F4xx_HAL_Driver/Src/stm32f4xx_hal_cortex.o
 .ARM.attributes
                0x0000000000000395       0x39 Drivers/STM32F4xx_HAL_Driver/Src/stm32f4xx_hal_gpio.o
 .ARM.attributes
                0x00000000000003ce       0x39 Drivers/STM32F4xx_HAL_Driver/Src/stm32f4xx_hal_i2c.o
 .ARM.attributes
                0x0000000000000407       0x39 Drivers/STM32F4xx_HAL_Driver/Src/stm32f4xx_hal_rcc.o
 .ARM.attributes
                0x0000000000000440       0x39 Drivers/STM32F4xx_HAL_Driver/Src/stm32f4xx_hal_tim.o
 .ARM.attributes
                0x0000000000000479       0x39 Drivers/STM32F4xx_HAL_Driver/Src/stm32f4xx_hal_tim_ex.o
 .ARM.attributes
                0x00000000000004b2       0x39 Drivers/STM32F4xx_HAL_Driver/Src/stm32f4xx_hal_uart.o
 .ARM.attributes
                0x00000000000004eb       0x34 c:/st/stm32cubeide_1.3.0/stm32cubeide/plugins/com.st.stm32cube.ide.mcu.externaltools.gnu-tools-for-stm32.7-2018-q2-update.win32_1.0.0.201904181610/tools/bin/../lib/gcc/arm-none-eabi/7.3.1/../../../../arm-none-eabi/lib/thumb/v7e-m/fpv4-sp/hard\libc_nano.a(lib_a-init.o)
 .ARM.attributes
                0x000000000000051f       0x34 c:/st/stm32cubeide_1.3.0/stm32cubeide/plugins/com.st.stm32cube.ide.mcu.externaltools.gnu-tools-for-stm32.7-2018-q2-update.win32_1.0.0.201904181610/tools/bin/../lib/gcc/arm-none-eabi/7.3.1/../../../../arm-none-eabi/lib/thumb/v7e-m/fpv4-sp/hard\libc_nano.a(lib_a-memset.o)
 .ARM.attributes
                0x0000000000000553       0x20 c:/st/stm32cubeide_1.3.0/stm32cubeide/plugins/com.st.stm32cube.ide.mcu.externaltools.gnu-tools-for-stm32.7-2018-q2-update.win32_1.0.0.201904181610/tools/bin/../lib/gcc/arm-none-eabi/7.3.1/../../../../arm-none-eabi/lib/thumb/v7e-m/fpv4-sp/hard\libc_nano.a(lib_a-strcmp.o)
 .ARM.attributes
                0x0000000000000573       0x34 c:/st/stm32cubeide_1.3.0/stm32cubeide/plugins/com.st.stm32cube.ide.mcu.externaltools.gnu-tools-for-stm32.7-2018-q2-update.win32_1.0.0.201904181610/tools/bin/../lib/gcc/arm-none-eabi/7.3.1/../../../../arm-none-eabi/lib/thumb/v7e-m/fpv4-sp/hard\libm.a(lib_a-s_round.o)
 .ARM.attributes
                0x00000000000005a7       0x22 c:/st/stm32cubeide_1.3.0/stm32cubeide/plugins/com.st.stm32cube.ide.mcu.externaltools.gnu-tools-for-stm32.7-2018-q2-update.win32_1.0.0.201904181610/tools/bin/../lib/gcc/arm-none-eabi/7.3.1/thumb/v7e-m/fpv4-sp/hard\libgcc.a(_arm_addsubdf3.o)
 .ARM.attributes
                0x00000000000005c9       0x22 c:/st/stm32cubeide_1.3.0/stm32cubeide/plugins/com.st.stm32cube.ide.mcu.externaltools.gnu-tools-for-stm32.7-2018-q2-update.win32_1.0.0.201904181610/tools/bin/../lib/gcc/arm-none-eabi/7.3.1/thumb/v7e-m/fpv4-sp/hard\libgcc.a(_arm_muldivdf3.o)
 .ARM.attributes
                0x00000000000005eb       0x22 c:/st/stm32cubeide_1.3.0/stm32cubeide/plugins/com.st.stm32cube.ide.mcu.externaltools.gnu-tools-for-stm32.7-2018-q2-update.win32_1.0.0.201904181610/tools/bin/../lib/gcc/arm-none-eabi/7.3.1/thumb/v7e-m/fpv4-sp/hard\libgcc.a(_arm_cmpdf2.o)
 .ARM.attributes
                0x000000000000060d       0x22 c:/st/stm32cubeide_1.3.0/stm32cubeide/plugins/com.st.stm32cube.ide.mcu.externaltools.gnu-tools-for-stm32.7-2018-q2-update.win32_1.0.0.201904181610/tools/bin/../lib/gcc/arm-none-eabi/7.3.1/thumb/v7e-m/fpv4-sp/hard\libgcc.a(_arm_fixunsdfsi.o)
 .ARM.attributes
                0x000000000000062f       0x22 c:/st/stm32cubeide_1.3.0/stm32cubeide/plugins/com.st.stm32cube.ide.mcu.externaltools.gnu-tools-for-stm32.7-2018-q2-update.win32_1.0.0.201904181610/tools/bin/../lib/gcc/arm-none-eabi/7.3.1/thumb/v7e-m/fpv4-sp/hard\libgcc.a(_aeabi_uldivmod.o)
 .ARM.attributes
                0x0000000000000651       0x34 c:/st/stm32cubeide_1.3.0/stm32cubeide/plugins/com.st.stm32cube.ide.mcu.externaltools.gnu-tools-for-stm32.7-2018-q2-update.win32_1.0.0.201904181610/tools/bin/../lib/gcc/arm-none-eabi/7.3.1/thumb/v7e-m/fpv4-sp/hard\libgcc.a(_udivmoddi4.o)
 .ARM.attributes
                0x0000000000000685       0x22 c:/st/stm32cubeide_1.3.0/stm32cubeide/plugins/com.st.stm32cube.ide.mcu.externaltools.gnu-tools-for-stm32.7-2018-q2-update.win32_1.0.0.201904181610/tools/bin/../lib/gcc/arm-none-eabi/7.3.1/thumb/v7e-m/fpv4-sp/hard\libgcc.a(_dvmd_tls.o)
 .ARM.attributes
                0x00000000000006a7       0x22 c:/st/stm32cubeide_1.3.0/stm32cubeide/plugins/com.st.stm32cube.ide.mcu.externaltools.gnu-tools-for-stm32.7-2018-q2-update.win32_1.0.0.201904181610/tools/bin/../lib/gcc/arm-none-eabi/7.3.1/thumb/v7e-m/fpv4-sp/hard/crtn.o
OUTPUT(masb-pot-s-firmware.elf elf32-littlearm)

.debug_info     0x0000000000000000    0x14aba
 .debug_info    0x0000000000000000      0xf17 Core/Src/components/adc.o
 .debug_info    0x0000000000000f17      0xb1b Core/Src/components/chronoamperometry.o
 .debug_info    0x0000000000001a32      0x27d Core/Src/components/cobs.o
 .debug_info    0x0000000000001caf      0xb87 Core/Src/components/cyclic_voltammetry.o
 .debug_info    0x0000000000002836     0x11e7 Core/Src/components/dac.o
 .debug_info    0x0000000000003a1d     0x10d1 Core/Src/components/loop.o
 .debug_info    0x0000000000004aee     0x1213 Core/Src/components/masb_comm_s.o
 .debug_info    0x0000000000005d01     0x1ca4 Core/Src/main.o
 .debug_info    0x00000000000079a5     0x1c09 Core/Src/stm32f4xx_hal_msp.o
 .debug_info    0x00000000000095ae      0xf38 Core/Src/stm32f4xx_it.o
 .debug_info    0x000000000000a4e6      0x57e Core/Src/system_stm32f4xx.o
 .debug_info    0x000000000000aa64       0x22 Core/Startup/startup_stm32f401retx.o
 .debug_info    0x000000000000aa86      0x8ce Drivers/STM32F4xx_HAL_Driver/Src/stm32f4xx_hal.o
 .debug_info    0x000000000000b354      0xce6 Drivers/STM32F4xx_HAL_Driver/Src/stm32f4xx_hal_adc.o
 .debug_info    0x000000000000c03a      0xd92 Drivers/STM32F4xx_HAL_Driver/Src/stm32f4xx_hal_cortex.o
 .debug_info    0x000000000000cdcc      0x7d7 Drivers/STM32F4xx_HAL_Driver/Src/stm32f4xx_hal_gpio.o
 .debug_info    0x000000000000d5a3     0x23ba Drivers/STM32F4xx_HAL_Driver/Src/stm32f4xx_hal_i2c.o
 .debug_info    0x000000000000f95d      0x929 Drivers/STM32F4xx_HAL_Driver/Src/stm32f4xx_hal_rcc.o
 .debug_info    0x0000000000010286     0x24a1 Drivers/STM32F4xx_HAL_Driver/Src/stm32f4xx_hal_tim.o
 .debug_info    0x0000000000012727     0x114f Drivers/STM32F4xx_HAL_Driver/Src/stm32f4xx_hal_tim_ex.o
 .debug_info    0x0000000000013876     0x1244 Drivers/STM32F4xx_HAL_Driver/Src/stm32f4xx_hal_uart.o

.debug_abbrev   0x0000000000000000     0x2a1a
 .debug_abbrev  0x0000000000000000      0x1e2 Core/Src/components/adc.o
 .debug_abbrev  0x00000000000001e2      0x1eb Core/Src/components/chronoamperometry.o
 .debug_abbrev  0x00000000000003cd      0x10b Core/Src/components/cobs.o
 .debug_abbrev  0x00000000000004d8      0x1dc Core/Src/components/cyclic_voltammetry.o
 .debug_abbrev  0x00000000000006b4      0x227 Core/Src/components/dac.o
 .debug_abbrev  0x00000000000008db      0x22e Core/Src/components/loop.o
 .debug_abbrev  0x0000000000000b09      0x2d7 Core/Src/components/masb_comm_s.o
 .debug_abbrev  0x0000000000000de0      0x2dc Core/Src/main.o
 .debug_abbrev  0x00000000000010bc      0x253 Core/Src/stm32f4xx_hal_msp.o
 .debug_abbrev  0x000000000000130f      0x1e7 Core/Src/stm32f4xx_it.o
 .debug_abbrev  0x00000000000014f6      0x12b Core/Src/system_stm32f4xx.o
 .debug_abbrev  0x0000000000001621       0x12 Core/Startup/startup_stm32f401retx.o
 .debug_abbrev  0x0000000000001633      0x1f2 Drivers/STM32F4xx_HAL_Driver/Src/stm32f4xx_hal.o
 .debug_abbrev  0x0000000000001825      0x1cd Drivers/STM32F4xx_HAL_Driver/Src/stm32f4xx_hal_adc.o
 .debug_abbrev  0x00000000000019f2      0x2fa Drivers/STM32F4xx_HAL_Driver/Src/stm32f4xx_hal_cortex.o
 .debug_abbrev  0x0000000000001cec      0x1c9 Drivers/STM32F4xx_HAL_Driver/Src/stm32f4xx_hal_gpio.o
 .debug_abbrev  0x0000000000001eb5      0x263 Drivers/STM32F4xx_HAL_Driver/Src/stm32f4xx_hal_i2c.o
 .debug_abbrev  0x0000000000002118      0x245 Drivers/STM32F4xx_HAL_Driver/Src/stm32f4xx_hal_rcc.o
 .debug_abbrev  0x000000000000235d      0x23f Drivers/STM32F4xx_HAL_Driver/Src/stm32f4xx_hal_tim.o
 .debug_abbrev  0x000000000000259c      0x22d Drivers/STM32F4xx_HAL_Driver/Src/stm32f4xx_hal_tim_ex.o
 .debug_abbrev  0x00000000000027c9      0x251 Drivers/STM32F4xx_HAL_Driver/Src/stm32f4xx_hal_uart.o

.debug_aranges  0x0000000000000000      0xff8
 .debug_aranges
                0x0000000000000000       0x20 Core/Src/components/adc.o
 .debug_aranges
                0x0000000000000020       0x20 Core/Src/components/chronoamperometry.o
 .debug_aranges
                0x0000000000000040       0x28 Core/Src/components/cobs.o
 .debug_aranges
                0x0000000000000068       0x20 Core/Src/components/cyclic_voltammetry.o
 .debug_aranges
                0x0000000000000088       0x28 Core/Src/components/dac.o
 .debug_aranges
                0x00000000000000b0       0x30 Core/Src/components/loop.o
 .debug_aranges
                0x00000000000000e0       0x70 Core/Src/components/masb_comm_s.o
 .debug_aranges
                0x0000000000000150       0x60 Core/Src/main.o
 .debug_aranges
                0x00000000000001b0       0x60 Core/Src/stm32f4xx_hal_msp.o
 .debug_aranges
                0x0000000000000210       0x68 Core/Src/stm32f4xx_it.o
 .debug_aranges
                0x0000000000000278       0x28 Core/Src/system_stm32f4xx.o
 .debug_aranges
                0x00000000000002a0       0x28 Core/Startup/startup_stm32f401retx.o
 .debug_aranges
                0x00000000000002c8       0xf0 Drivers/STM32F4xx_HAL_Driver/Src/stm32f4xx_hal.o
 .debug_aranges
                0x00000000000003b8       0xe8 Drivers/STM32F4xx_HAL_Driver/Src/stm32f4xx_hal_adc.o
 .debug_aranges
                0x00000000000004a0      0x118 Drivers/STM32F4xx_HAL_Driver/Src/stm32f4xx_hal_cortex.o
 .debug_aranges
                0x00000000000005b8       0x58 Drivers/STM32F4xx_HAL_Driver/Src/stm32f4xx_hal_gpio.o
 .debug_aranges
                0x0000000000000610      0x298 Drivers/STM32F4xx_HAL_Driver/Src/stm32f4xx_hal_i2c.o
 .debug_aranges
                0x00000000000008a8       0x88 Drivers/STM32F4xx_HAL_Driver/Src/stm32f4xx_hal_rcc.o
 .debug_aranges
                0x0000000000000930      0x3a8 Drivers/STM32F4xx_HAL_Driver/Src/stm32f4xx_hal_tim.o
 .debug_aranges
                0x0000000000000cd8      0x150 Drivers/STM32F4xx_HAL_Driver/Src/stm32f4xx_hal_tim_ex.o
 .debug_aranges
                0x0000000000000e28      0x1d0 Drivers/STM32F4xx_HAL_Driver/Src/stm32f4xx_hal_uart.o

.debug_ranges   0x0000000000000000      0xed0
 .debug_ranges  0x0000000000000000       0x10 Core/Src/components/adc.o
 .debug_ranges  0x0000000000000010       0x10 Core/Src/components/chronoamperometry.o
 .debug_ranges  0x0000000000000020       0x18 Core/Src/components/cobs.o
 .debug_ranges  0x0000000000000038       0x10 Core/Src/components/cyclic_voltammetry.o
 .debug_ranges  0x0000000000000048       0x18 Core/Src/components/dac.o
 .debug_ranges  0x0000000000000060       0x20 Core/Src/components/loop.o
 .debug_ranges  0x0000000000000080       0x60 Core/Src/components/masb_comm_s.o
 .debug_ranges  0x00000000000000e0       0x50 Core/Src/main.o
 .debug_ranges  0x0000000000000130       0x50 Core/Src/stm32f4xx_hal_msp.o
 .debug_ranges  0x0000000000000180       0x58 Core/Src/stm32f4xx_it.o
 .debug_ranges  0x00000000000001d8       0x18 Core/Src/system_stm32f4xx.o
 .debug_ranges  0x00000000000001f0       0x20 Core/Startup/startup_stm32f401retx.o
 .debug_ranges  0x0000000000000210       0xe0 Drivers/STM32F4xx_HAL_Driver/Src/stm32f4xx_hal.o
 .debug_ranges  0x00000000000002f0       0xd8 Drivers/STM32F4xx_HAL_Driver/Src/stm32f4xx_hal_adc.o
 .debug_ranges  0x00000000000003c8      0x108 Drivers/STM32F4xx_HAL_Driver/Src/stm32f4xx_hal_cortex.o
 .debug_ranges  0x00000000000004d0       0x48 Drivers/STM32F4xx_HAL_Driver/Src/stm32f4xx_hal_gpio.o
 .debug_ranges  0x0000000000000518      0x2a8 Drivers/STM32F4xx_HAL_Driver/Src/stm32f4xx_hal_i2c.o
 .debug_ranges  0x00000000000007c0       0x78 Drivers/STM32F4xx_HAL_Driver/Src/stm32f4xx_hal_rcc.o
 .debug_ranges  0x0000000000000838      0x398 Drivers/STM32F4xx_HAL_Driver/Src/stm32f4xx_hal_tim.o
 .debug_ranges  0x0000000000000bd0      0x140 Drivers/STM32F4xx_HAL_Driver/Src/stm32f4xx_hal_tim_ex.o
 .debug_ranges  0x0000000000000d10      0x1c0 Drivers/STM32F4xx_HAL_Driver/Src/stm32f4xx_hal_uart.o

.debug_macro    0x0000000000000000    0x1855f
 .debug_macro   0x0000000000000000      0x39f Core/Src/components/adc.o
 .debug_macro   0x000000000000039f      0xa5a Core/Src/components/adc.o
 .debug_macro   0x0000000000000df9      0x196 Core/Src/components/adc.o
 .debug_macro   0x0000000000000f8f       0x2e Core/Src/components/adc.o
 .debug_macro   0x0000000000000fbd       0x28 Core/Src/components/adc.o
 .debug_macro   0x0000000000000fe5       0x22 Core/Src/components/adc.o
 .debug_macro   0x0000000000001007       0x8e Core/Src/components/adc.o
 .debug_macro   0x0000000000001095       0x51 Core/Src/components/adc.o
 .debug_macro   0x00000000000010e6       0xef Core/Src/components/adc.o
 .debug_macro   0x00000000000011d5       0x6a Core/Src/components/adc.o
 .debug_macro   0x000000000000123f      0x1df Core/Src/components/adc.o
 .debug_macro   0x000000000000141e       0x1c Core/Src/components/adc.o
 .debug_macro   0x000000000000143a       0x22 Core/Src/components/adc.o
 .debug_macro   0x000000000000145c       0xdf Core/Src/components/adc.o
 .debug_macro   0x000000000000153b     0x102d Core/Src/components/adc.o
 .debug_macro   0x0000000000002568      0x11f Core/Src/components/adc.o
 .debug_macro   0x0000000000002687     0xb850 Core/Src/components/adc.o
 .debug_macro   0x000000000000ded7       0x43 Core/Src/components/adc.o
 .debug_macro   0x000000000000df1a     0x3659 Core/Src/components/adc.o
 .debug_macro   0x0000000000011573      0x174 Core/Src/components/adc.o
 .debug_macro   0x00000000000116e7       0x5a Core/Src/components/adc.o
 .debug_macro   0x0000000000011741      0x416 Core/Src/components/adc.o
 .debug_macro   0x0000000000011b57      0x9fe Core/Src/components/adc.o
 .debug_macro   0x0000000000012555      0x15f Core/Src/components/adc.o
 .debug_macro   0x00000000000126b4      0x117 Core/Src/components/adc.o
 .debug_macro   0x00000000000127cb       0xf8 Core/Src/components/adc.o
 .debug_macro   0x00000000000128c3       0x27 Core/Src/components/adc.o
 .debug_macro   0x00000000000128ea      0x287 Core/Src/components/adc.o
 .debug_macro   0x0000000000012b71       0x5f Core/Src/components/adc.o
 .debug_macro   0x0000000000012bd0      0x236 Core/Src/components/adc.o
 .debug_macro   0x0000000000012e06      0x391 Core/Src/components/adc.o
 .debug_macro   0x0000000000013197      0x176 Core/Src/components/adc.o
 .debug_macro   0x000000000001330d       0xf9 Core/Src/components/adc.o
 .debug_macro   0x0000000000013406      0x132 Core/Src/components/adc.o
 .debug_macro   0x0000000000013538      0x264 Core/Src/components/adc.o
 .debug_macro   0x000000000001379c       0x2e Core/Src/components/adc.o
 .debug_macro   0x00000000000137ca      0x1b5 Core/Src/components/adc.o
 .debug_macro   0x000000000001397f       0x22 Core/Src/components/adc.o
 .debug_macro   0x00000000000139a1       0xd6 Core/Src/components/adc.o
 .debug_macro   0x0000000000013a77      0x11a Core/Src/components/adc.o
 .debug_macro   0x0000000000013b91       0x85 Core/Src/components/adc.o
 .debug_macro   0x0000000000013c16       0x89 Core/Src/components/adc.o
 .debug_macro   0x0000000000013c9f      0x8a0 Core/Src/components/adc.o
 .debug_macro   0x000000000001453f       0x47 Core/Src/components/adc.o
 .debug_macro   0x0000000000014586      0x287 Core/Src/components/adc.o
 .debug_macro   0x000000000001480d      0x126 Core/Src/components/adc.o
 .debug_macro   0x0000000000014933       0x46 Core/Src/components/adc.o
 .debug_macro   0x0000000000014979       0x18 Core/Src/components/adc.o
 .debug_macro   0x0000000000014991       0x3c Core/Src/components/adc.o
 .debug_macro   0x00000000000149cd       0x34 Core/Src/components/adc.o
 .debug_macro   0x0000000000014a01       0x52 Core/Src/components/adc.o
 .debug_macro   0x0000000000014a53       0x1f Core/Src/components/adc.o
 .debug_macro   0x0000000000014a72       0x43 Core/Src/components/adc.o
 .debug_macro   0x0000000000014ab5       0x20 Core/Src/components/adc.o
 .debug_macro   0x0000000000014ad5      0x1a3 Core/Src/components/adc.o
 .debug_macro   0x0000000000014c78      0x32a Core/Src/components/adc.o
 .debug_macro   0x0000000000014fa2      0x1e1 Core/Src/components/adc.o
 .debug_macro   0x0000000000015183       0x28 Core/Src/components/adc.o
 .debug_macro   0x00000000000151ab       0x2e Core/Src/components/adc.o
 .debug_macro   0x00000000000151d9       0x1c Core/Src/components/adc.o
 .debug_macro   0x00000000000151f5       0x35 Core/Src/components/adc.o
 .debug_macro   0x000000000001522a       0x10 Core/Src/components/adc.o
 .debug_macro   0x000000000001523a       0x10 Core/Src/components/adc.o
 .debug_macro   0x000000000001524a       0x1c Core/Src/components/adc.o
 .debug_macro   0x0000000000015266       0x52 Core/Src/components/adc.o
 .debug_macro   0x00000000000152b8       0x40 Core/Src/components/adc.o
 .debug_macro   0x00000000000152f8       0x10 Core/Src/components/adc.o
 .debug_macro   0x0000000000015308       0x40 Core/Src/components/adc.o
 .debug_macro   0x0000000000015348       0xd7 Core/Src/components/adc.o
 .debug_macro   0x000000000001541f       0x1c Core/Src/components/adc.o
 .debug_macro   0x000000000001543b       0x3d Core/Src/components/adc.o
 .debug_macro   0x0000000000015478       0x16 Core/Src/components/adc.o
 .debug_macro   0x000000000001548e      0x145 Core/Src/components/adc.o
 .debug_macro   0x00000000000155d3      0x2d3 Core/Src/components/chronoamperometry.o
 .debug_macro   0x00000000000158a6       0x10 Core/Src/components/chronoamperometry.o
 .debug_macro   0x00000000000158b6      0x20a Core/Src/components/cobs.o
 .debug_macro   0x0000000000015ac0      0x2d3 Core/Src/components/cyclic_voltammetry.o
 .debug_macro   0x0000000000015d93      0x2ad Core/Src/components/dac.o
 .debug_macro   0x0000000000016040       0x22 Core/Src/components/dac.o
 .debug_macro   0x0000000000016062      0x30d Core/Src/components/loop.o
 .debug_macro   0x000000000001636f       0x16 Core/Src/components/loop.o
 .debug_macro   0x0000000000016385       0x20 Core/Src/components/loop.o
 .debug_macro   0x00000000000163a5      0x2dd Core/Src/components/masb_comm_s.o
 .debug_macro   0x0000000000016682      0x31c Core/Src/main.o
 .debug_macro   0x000000000001699e       0x7c Core/Src/main.o
 .debug_macro   0x0000000000016a1a      0x31c Core/Src/stm32f4xx_hal_msp.o
 .debug_macro   0x0000000000016d36      0x326 Core/Src/stm32f4xx_it.o
 .debug_macro   0x000000000001705c      0x206 Core/Src/system_stm32f4xx.o
 .debug_macro   0x0000000000017262      0x260 Drivers/STM32F4xx_HAL_Driver/Src/stm32f4xx_hal.o
 .debug_macro   0x00000000000174c2      0x201 Drivers/STM32F4xx_HAL_Driver/Src/stm32f4xx_hal_adc.o
 .debug_macro   0x00000000000176c3      0x200 Drivers/STM32F4xx_HAL_Driver/Src/stm32f4xx_hal_cortex.o
 .debug_macro   0x00000000000178c3      0x236 Drivers/STM32F4xx_HAL_Driver/Src/stm32f4xx_hal_gpio.o
 .debug_macro   0x0000000000017af9      0x240 Drivers/STM32F4xx_HAL_Driver/Src/stm32f4xx_hal_i2c.o
 .debug_macro   0x0000000000017d39      0x224 Drivers/STM32F4xx_HAL_Driver/Src/stm32f4xx_hal_rcc.o
 .debug_macro   0x0000000000017f5d      0x201 Drivers/STM32F4xx_HAL_Driver/Src/stm32f4xx_hal_tim.o
 .debug_macro   0x000000000001815e      0x200 Drivers/STM32F4xx_HAL_Driver/Src/stm32f4xx_hal_tim_ex.o
 .debug_macro   0x000000000001835e      0x201 Drivers/STM32F4xx_HAL_Driver/Src/stm32f4xx_hal_uart.o

.debug_line     0x0000000000000000     0xe4cc
 .debug_line    0x0000000000000000      0x967 Core/Src/components/adc.o
 .debug_line    0x0000000000000967      0x8ca Core/Src/components/chronoamperometry.o
 .debug_line    0x0000000000001231      0x798 Core/Src/components/cobs.o
 .debug_line    0x00000000000019c9      0x8db Core/Src/components/cyclic_voltammetry.o
 .debug_line    0x00000000000022a4      0x87d Core/Src/components/dac.o
 .debug_line    0x0000000000002b21      0x91f Core/Src/components/loop.o
 .debug_line    0x0000000000003440      0x9d6 Core/Src/components/masb_comm_s.o
 .debug_line    0x0000000000003e16      0x9e3 Core/Src/main.o
 .debug_line    0x00000000000047f9      0x9a9 Core/Src/stm32f4xx_hal_msp.o
 .debug_line    0x00000000000051a2      0x9aa Core/Src/stm32f4xx_it.o
 .debug_line    0x0000000000005b4c      0x73e Core/Src/system_stm32f4xx.o
 .debug_line    0x000000000000628a       0x85 Core/Startup/startup_stm32f401retx.o
 .debug_line    0x000000000000630f      0x928 Drivers/STM32F4xx_HAL_Driver/Src/stm32f4xx_hal.o
 .debug_line    0x0000000000006c37      0xb4e Drivers/STM32F4xx_HAL_Driver/Src/stm32f4xx_hal_adc.o
 .debug_line    0x0000000000007785      0xa4c Drivers/STM32F4xx_HAL_Driver/Src/stm32f4xx_hal_cortex.o
 .debug_line    0x00000000000081d1      0x8cb Drivers/STM32F4xx_HAL_Driver/Src/stm32f4xx_hal_gpio.o
 .debug_line    0x0000000000008a9c     0x1b62 Drivers/STM32F4xx_HAL_Driver/Src/stm32f4xx_hal_i2c.o
 .debug_line    0x000000000000a5fe      0x980 Drivers/STM32F4xx_HAL_Driver/Src/stm32f4xx_hal_rcc.o
 .debug_line    0x000000000000af7e     0x17e5 Drivers/STM32F4xx_HAL_Driver/Src/stm32f4xx_hal_tim.o
 .debug_line    0x000000000000c763      0xd33 Drivers/STM32F4xx_HAL_Driver/Src/stm32f4xx_hal_tim_ex.o
 .debug_line    0x000000000000d496     0x1036 Drivers/STM32F4xx_HAL_Driver/Src/stm32f4xx_hal_uart.o

.debug_str      0x0000000000000000    0x9387a
 .debug_str     0x0000000000000000    0x8f0c5 Core/Src/components/adc.o
                                      0x8f499 (size before relaxing)
 .debug_str     0x000000000008f0c5       0xe1 Core/Src/components/chronoamperometry.o
                                      0x8df53 (size before relaxing)
 .debug_str     0x000000000008f1a6       0x86 Core/Src/components/cobs.o
                                      0x8a5df (size before relaxing)
 .debug_str     0x000000000008f22c       0xab Core/Src/components/cyclic_voltammetry.o
                                      0x8df7b (size before relaxing)
 .debug_str     0x000000000008f2d7      0x47f Core/Src/components/dac.o
                                      0x8e4c7 (size before relaxing)
 .debug_str     0x000000000008f756       0xcb Core/Src/components/loop.o
                                      0x8e490 (size before relaxing)
 .debug_str     0x000000000008f821      0x396 Core/Src/components/masb_comm_s.o
                                      0x8e564 (size before relaxing)
 .debug_str     0x000000000008fbb7      0x5a7 Core/Src/main.o
                                      0x8ef2e (size before relaxing)
 .debug_str     0x000000000009015e      0x456 Core/Src/stm32f4xx_hal_msp.o
                                      0x8f08d (size before relaxing)
 .debug_str     0x00000000000905b4       0xcd Core/Src/stm32f4xx_it.o
                                      0x8e5a9 (size before relaxing)
 .debug_str     0x0000000000090681       0xc4 Core/Src/system_stm32f4xx.o
                                      0x8a719 (size before relaxing)
 .debug_str     0x0000000000090745       0x36 Core/Startup/startup_stm32f401retx.o
                                         0x96 (size before relaxing)
 .debug_str     0x000000000009077b      0x58d Drivers/STM32F4xx_HAL_Driver/Src/stm32f4xx_hal.o
                                      0x8b084 (size before relaxing)
 .debug_str     0x0000000000090d08      0x29d Drivers/STM32F4xx_HAL_Driver/Src/stm32f4xx_hal_adc.o
                                      0x8ac9e (size before relaxing)
 .debug_str     0x0000000000090fa5      0x392 Drivers/STM32F4xx_HAL_Driver/Src/stm32f4xx_hal_cortex.o
                                      0x8ae61 (size before relaxing)
 .debug_str     0x0000000000091337      0x20c Drivers/STM32F4xx_HAL_Driver/Src/stm32f4xx_hal_gpio.o
                                      0x8a958 (size before relaxing)
 .debug_str     0x0000000000091543      0xa76 Drivers/STM32F4xx_HAL_Driver/Src/stm32f4xx_hal_i2c.o
                                      0x8b655 (size before relaxing)
 .debug_str     0x0000000000091fb9      0x24e Drivers/STM32F4xx_HAL_Driver/Src/stm32f4xx_hal_rcc.o
                                      0x8ab06 (size before relaxing)
 .debug_str     0x0000000000092207      0xce2 Drivers/STM32F4xx_HAL_Driver/Src/stm32f4xx_hal_tim.o
                                      0x8b813 (size before relaxing)
 .debug_str     0x0000000000092ee9      0x4a2 Drivers/STM32F4xx_HAL_Driver/Src/stm32f4xx_hal_tim_ex.o
                                      0x8b013 (size before relaxing)
 .debug_str     0x000000000009338b      0x4ef Drivers/STM32F4xx_HAL_Driver/Src/stm32f4xx_hal_uart.o
                                      0x8af53 (size before relaxing)

.comment        0x0000000000000000       0x7b
 .comment       0x0000000000000000       0x7b Core/Src/components/adc.o
                                         0x7c (size before relaxing)
 .comment       0x000000000000007b       0x7c Core/Src/components/chronoamperometry.o
 .comment       0x000000000000007b       0x7c Core/Src/components/cobs.o
 .comment       0x000000000000007b       0x7c Core/Src/components/cyclic_voltammetry.o
 .comment       0x000000000000007b       0x7c Core/Src/components/dac.o
 .comment       0x000000000000007b       0x7c Core/Src/components/loop.o
 .comment       0x000000000000007b       0x7c Core/Src/components/masb_comm_s.o
 .comment       0x000000000000007b       0x7c Core/Src/main.o
 .comment       0x000000000000007b       0x7c Core/Src/stm32f4xx_hal_msp.o
 .comment       0x000000000000007b       0x7c Core/Src/stm32f4xx_it.o
 .comment       0x000000000000007b       0x7c Core/Src/system_stm32f4xx.o
 .comment       0x000000000000007b       0x7c Drivers/STM32F4xx_HAL_Driver/Src/stm32f4xx_hal.o
 .comment       0x000000000000007b       0x7c Drivers/STM32F4xx_HAL_Driver/Src/stm32f4xx_hal_adc.o
 .comment       0x000000000000007b       0x7c Drivers/STM32F4xx_HAL_Driver/Src/stm32f4xx_hal_cortex.o
 .comment       0x000000000000007b       0x7c Drivers/STM32F4xx_HAL_Driver/Src/stm32f4xx_hal_gpio.o
 .comment       0x000000000000007b       0x7c Drivers/STM32F4xx_HAL_Driver/Src/stm32f4xx_hal_i2c.o
 .comment       0x000000000000007b       0x7c Drivers/STM32F4xx_HAL_Driver/Src/stm32f4xx_hal_rcc.o
 .comment       0x000000000000007b       0x7c Drivers/STM32F4xx_HAL_Driver/Src/stm32f4xx_hal_tim.o
 .comment       0x000000000000007b       0x7c Drivers/STM32F4xx_HAL_Driver/Src/stm32f4xx_hal_tim_ex.o
 .comment       0x000000000000007b       0x7c Drivers/STM32F4xx_HAL_Driver/Src/stm32f4xx_hal_uart.o

.debug_frame    0x0000000000000000     0x44f4
 .debug_frame   0x0000000000000000       0x38 Core/Src/components/adc.o
 .debug_frame   0x0000000000000038       0x38 Core/Src/components/chronoamperometry.o
 .debug_frame   0x0000000000000070       0x60 Core/Src/components/cobs.o
 .debug_frame   0x00000000000000d0       0x44 Core/Src/components/cyclic_voltammetry.o
 .debug_frame   0x0000000000000114       0x60 Core/Src/components/dac.o
 .debug_frame   0x0000000000000174       0x80 Core/Src/components/loop.o
 .debug_frame   0x00000000000001f4      0x1ac Core/Src/components/masb_comm_s.o
 .debug_frame   0x00000000000003a0      0x138 Core/Src/main.o
 .debug_frame   0x00000000000004d8      0x154 Core/Src/stm32f4xx_hal_msp.o
 .debug_frame   0x000000000000062c      0x128 Core/Src/stm32f4xx_it.o
 .debug_frame   0x0000000000000754       0x58 Core/Src/system_stm32f4xx.o
 .debug_frame   0x00000000000007ac      0x374 Drivers/STM32F4xx_HAL_Driver/Src/stm32f4xx_hal.o
 .debug_frame   0x0000000000000b20      0x3fc Drivers/STM32F4xx_HAL_Driver/Src/stm32f4xx_hal_adc.o
 .debug_frame   0x0000000000000f1c      0x498 Drivers/STM32F4xx_HAL_Driver/Src/stm32f4xx_hal_cortex.o
 .debug_frame   0x00000000000013b4      0x14c Drivers/STM32F4xx_HAL_Driver/Src/stm32f4xx_hal_gpio.o
 .debug_frame   0x0000000000001500      0xc38 Drivers/STM32F4xx_HAL_Driver/Src/stm32f4xx_hal_i2c.o
 .debug_frame   0x0000000000002138      0x1f0 Drivers/STM32F4xx_HAL_Driver/Src/stm32f4xx_hal_rcc.o
 .debug_frame   0x0000000000002328     0x10e8 Drivers/STM32F4xx_HAL_Driver/Src/stm32f4xx_hal_tim.o
 .debug_frame   0x0000000000003410      0x5c0 Drivers/STM32F4xx_HAL_Driver/Src/stm32f4xx_hal_tim_ex.o
 .debug_frame   0x00000000000039d0      0x844 Drivers/STM32F4xx_HAL_Driver/Src/stm32f4xx_hal_uart.o
 .debug_frame   0x0000000000004214       0x2c c:/st/stm32cubeide_1.3.0/stm32cubeide/plugins/com.st.stm32cube.ide.mcu.externaltools.gnu-tools-for-stm32.7-2018-q2-update.win32_1.0.0.201904181610/tools/bin/../lib/gcc/arm-none-eabi/7.3.1/../../../../arm-none-eabi/lib/thumb/v7e-m/fpv4-sp/hard\libc_nano.a(lib_a-init.o)
 .debug_frame   0x0000000000004240       0x20 c:/st/stm32cubeide_1.3.0/stm32cubeide/plugins/com.st.stm32cube.ide.mcu.externaltools.gnu-tools-for-stm32.7-2018-q2-update.win32_1.0.0.201904181610/tools/bin/../lib/gcc/arm-none-eabi/7.3.1/../../../../arm-none-eabi/lib/thumb/v7e-m/fpv4-sp/hard\libc_nano.a(lib_a-memset.o)
 .debug_frame   0x0000000000004260       0x20 c:/st/stm32cubeide_1.3.0/stm32cubeide/plugins/com.st.stm32cube.ide.mcu.externaltools.gnu-tools-for-stm32.7-2018-q2-update.win32_1.0.0.201904181610/tools/bin/../lib/gcc/arm-none-eabi/7.3.1/../../../../arm-none-eabi/lib/thumb/v7e-m/fpv4-sp/hard\libc_nano.a(lib_a-strcmp.o)
 .debug_frame   0x0000000000004280       0x30 c:/st/stm32cubeide_1.3.0/stm32cubeide/plugins/com.st.stm32cube.ide.mcu.externaltools.gnu-tools-for-stm32.7-2018-q2-update.win32_1.0.0.201904181610/tools/bin/../lib/gcc/arm-none-eabi/7.3.1/../../../../arm-none-eabi/lib/thumb/v7e-m/fpv4-sp/hard\libm.a(lib_a-s_round.o)
 .debug_frame   0x00000000000042b0       0xac c:/st/stm32cubeide_1.3.0/stm32cubeide/plugins/com.st.stm32cube.ide.mcu.externaltools.gnu-tools-for-stm32.7-2018-q2-update.win32_1.0.0.201904181610/tools/bin/../lib/gcc/arm-none-eabi/7.3.1/thumb/v7e-m/fpv4-sp/hard\libgcc.a(_arm_addsubdf3.o)
 .debug_frame   0x000000000000435c       0x50 c:/st/stm32cubeide_1.3.0/stm32cubeide/plugins/com.st.stm32cube.ide.mcu.externaltools.gnu-tools-for-stm32.7-2018-q2-update.win32_1.0.0.201904181610/tools/bin/../lib/gcc/arm-none-eabi/7.3.1/thumb/v7e-m/fpv4-sp/hard\libgcc.a(_arm_muldivdf3.o)
 .debug_frame   0x00000000000043ac       0xc4 c:/st/stm32cubeide_1.3.0/stm32cubeide/plugins/com.st.stm32cube.ide.mcu.externaltools.gnu-tools-for-stm32.7-2018-q2-update.win32_1.0.0.201904181610/tools/bin/../lib/gcc/arm-none-eabi/7.3.1/thumb/v7e-m/fpv4-sp/hard\libgcc.a(_arm_cmpdf2.o)
 .debug_frame   0x0000000000004470       0x24 c:/st/stm32cubeide_1.3.0/stm32cubeide/plugins/com.st.stm32cube.ide.mcu.externaltools.gnu-tools-for-stm32.7-2018-q2-update.win32_1.0.0.201904181610/tools/bin/../lib/gcc/arm-none-eabi/7.3.1/thumb/v7e-m/fpv4-sp/hard\libgcc.a(_arm_fixunsdfsi.o)
 .debug_frame   0x0000000000004494       0x2c c:/st/stm32cubeide_1.3.0/stm32cubeide/plugins/com.st.stm32cube.ide.mcu.externaltools.gnu-tools-for-stm32.7-2018-q2-update.win32_1.0.0.201904181610/tools/bin/../lib/gcc/arm-none-eabi/7.3.1/thumb/v7e-m/fpv4-sp/hard\libgcc.a(_aeabi_uldivmod.o)
 .debug_frame   0x00000000000044c0       0x34 c:/st/stm32cubeide_1.3.0/stm32cubeide/plugins/com.st.stm32cube.ide.mcu.externaltools.gnu-tools-for-stm32.7-2018-q2-update.win32_1.0.0.201904181610/tools/bin/../lib/gcc/arm-none-eabi/7.3.1/thumb/v7e-m/fpv4-sp/hard\libgcc.a(_udivmoddi4.o)
